#
# There is insufficient memory for the Java Runtime Environment to continue.
# Native memory allocation (malloc) failed to allocate 1270096 bytes. Error detail: Chunk::new
# Possible reasons:
#   The system is out of physical RAM or swap space
#   This process is running with CompressedOops enabled, and the Java Heap may be blocking the growth of the native heap
# Possible solutions:
#   Reduce memory load on the system
#   Increase physical memory or swap space
#   Check if swap backing store is full
#   Decrease Java heap size (-Xmx/-Xms)
#   Decrease number of Java threads
#   Decrease Java thread stack sizes (-Xss)
#   Set larger code cache with -XX:ReservedCodeCacheSize=
#   JVM is running with Unscaled Compressed Oops mode in which the Java heap is
#     placed in the first 4GB address space. The Java Heap base address is the
#     maximum limit for the native heap growth. Please use -XX:HeapBaseMinAddress
#     to set the Java Heap base and to place the Java Heap above 4GB virtual address.
# This output file may be truncated or incomplete.
#
#  Out of Memory Error (arena.cpp:168), pid=3292, tid=15076
#
# JRE version: OpenJDK Runtime Environment Temurin-21.0.10+7 (21.0.10+7) (build 21.0.10+7-LTS)
# Java VM: OpenJDK 64-Bit Server VM Temurin-21.0.10+7 (21.0.10+7-LTS, mixed mode, sharing, tiered, compressed oops, compressed class ptrs, parallel gc, windows-amd64)
# No core dump will be written. Minidumps are not enabled by default on client versions of Windows
#

---------------  S U M M A R Y ------------

Command Line: --add-modules=ALL-SYSTEM --add-opens=java.base/java.util=ALL-UNNAMED --add-opens=java.base/java.lang=ALL-UNNAMED --add-opens=java.base/sun.nio.fs=ALL-UNNAMED -Declipse.application=org.eclipse.jdt.ls.core.id1 -Dosgi.bundles.defaultStartLevel=4 -Declipse.product=org.eclipse.jdt.ls.core.product -Djava.import.generatesMetadataFilesAtProjectRoot=false -DDetectVMInstallationsJob.disabled=true -Dfile.encoding=utf8 -XX:+UseParallelGC -XX:GCTimeRatio=4 -XX:AdaptiveSizePolicyWeight=90 -Dsun.zip.disableMemoryMapping=true -Xmx2G -Xms100m -Xlog:disable -javaagent:c:\Users\sonaw\.antigravity\extensions\redhat.java-1.53.0-win32-x64\lombok\lombok-1.18.39-4050.jar -XX:+HeapDumpOnOutOfMemoryError -XX:HeapDumpPath=c:\Users\sonaw\AppData\Roaming\Antigravity\User\workspaceStorage\04b48e0f9b0fc6b1b8dc2fa5b04af4e3\redhat.java -Daether.dependencyCollector.impl=bf c:\Users\sonaw\.antigravity\extensions\redhat.java-1.53.0-win32-x64\server\plugins\org.eclipse.equinox.launcher_1.7.100.v20251111-0406.jar -configuration c:\Users\sonaw\AppData\Roaming\Antigravity\User\globalStorage\redhat.java\1.53.0\config_win -data c:\Users\sonaw\AppData\Roaming\Antigravity\User\workspaceStorage\04b48e0f9b0fc6b1b8dc2fa5b04af4e3\redhat.java\jdt_ws --pipe=\\.\pipe\lsp-3f59d2f18d9f8113dc8af5ae55562961-sock

Host: Intel(R) Core(TM) i5-8265U CPU @ 1.60GHz, 8 cores, 7G,  Windows 10 , 64 bit Build 19041 (10.0.19041.5915)
Time: Sat Apr 11 15:58:56 2026 India Standard Time elapsed time: 1255.867482 seconds (0d 0h 20m 55s)

---------------  T H R E A D  ---------------

Current thread (0x00000212fd426b70):  JavaThread "C2 CompilerThread0" daemon [_thread_in_native, id=15076, stack(0x0000007bf3300000,0x0000007bf3400000) (1024K)]


Current CompileTask:
C2:1255867 16527 %     4       org.eclipse.jdt.internal.compiler.classfmt.ModuleInfo::readModuleAttribute @ 357 (1166 bytes)

Stack: [0x0000007bf3300000,0x0000007bf3400000]
Native frames: (J=compiled Java code, j=interpreted, Vv=VM code, C=native code)
V  [jvm.dll+0x6d7a39]
V  [jvm.dll+0x8b4b26]
V  [jvm.dll+0x8b70de]
V  [jvm.dll+0x8b77c3]
V  [jvm.dll+0x284346]
V  [jvm.dll+0xc66ed]
V  [jvm.dll+0xc6c31]
V  [jvm.dll+0x3bec01]
V  [jvm.dll+0x38b162]
V  [jvm.dll+0x38a5aa]
V  [jvm.dll+0x24c560]
V  [jvm.dll+0x24bb40]
V  [jvm.dll+0x1cb34e]
V  [jvm.dll+0x25b85d]
V  [jvm.dll+0x259dea]
V  [jvm.dll+0x3f857e]
V  [jvm.dll+0x85f59d]
V  [jvm.dll+0x6d626d]
C  [ucrtbase.dll+0x21bb2]
C  [KERNEL32.DLL+0x17374]
C  [ntdll.dll+0x4cc91]


---------------  P R O C E S S  ---------------

Threads class SMR info:
_java_thread_list=0x00000212d8f0db40, length=41, elements={
0x00000212f99b2450, 0x00000212fd41d530, 0x00000212fd41eb90, 0x00000212fd4202f0,
0x00000212fd421490, 0x00000212fd4242c0, 0x00000212fd425d30, 0x00000212fd426b70,
0x00000212fd456b20, 0x00000212fef2d450, 0x00000212ff006fe0, 0x00000212feffefb0,
0x00000212ff7432a0, 0x00000212ff62de50, 0x00000212ff62e8d0, 0x00000212d828ac40,
0x00000212ff8de7f0, 0x00000212fefed550, 0x00000212d8662e50, 0x00000212d86634e0,
0x00000212d8661aa0, 0x00000212d8660060, 0x00000212da3f99a0, 0x00000212da3f8c80,
0x00000212da3fa030, 0x00000212da3fa6c0, 0x00000212da3fd4b0, 0x00000212da3fba70,
0x00000212da3fad50, 0x00000212da3fb3e0, 0x00000212da3fce20, 0x00000212da3f7f60,
0x00000212da3fe1d0, 0x00000212db227930, 0x00000212d92b6230, 0x00000212d92b9020,
0x00000212d92b8990, 0x00000212d92b9d40, 0x00000212d92b4e80, 0x00000212d92ba3d0,
0x00000212d92b3ad0
}

Java Threads: ( => current thread )
  0x00000212f99b2450 JavaThread "main"                              [_thread_blocked, id=17344, stack(0x0000007bf2900000,0x0000007bf2a00000) (1024K)]
  0x00000212fd41d530 JavaThread "Reference Handler"          daemon [_thread_blocked, id=14592, stack(0x0000007bf2d00000,0x0000007bf2e00000) (1024K)]
  0x00000212fd41eb90 JavaThread "Finalizer"                  daemon [_thread_blocked, id=8480, stack(0x0000007bf2e00000,0x0000007bf2f00000) (1024K)]
  0x00000212fd4202f0 JavaThread "Signal Dispatcher"          daemon [_thread_blocked, id=15708, stack(0x0000007bf2f00000,0x0000007bf3000000) (1024K)]
  0x00000212fd421490 JavaThread "Attach Listener"            daemon [_thread_blocked, id=5272, stack(0x0000007bf3000000,0x0000007bf3100000) (1024K)]
  0x00000212fd4242c0 JavaThread "Service Thread"             daemon [_thread_blocked, id=18120, stack(0x0000007bf3100000,0x0000007bf3200000) (1024K)]
  0x00000212fd425d30 JavaThread "Monitor Deflation Thread"   daemon [_thread_blocked, id=7560, stack(0x0000007bf3200000,0x0000007bf3300000) (1024K)]
=>0x00000212fd426b70 JavaThread "C2 CompilerThread0"         daemon [_thread_in_native, id=15076, stack(0x0000007bf3300000,0x0000007bf3400000) (1024K)]
  0x00000212fd456b20 JavaThread "C1 CompilerThread0"         daemon [_thread_blocked, id=15060, stack(0x0000007bf3400000,0x0000007bf3500000) (1024K)]
  0x00000212fef2d450 JavaThread "Common-Cleaner"             daemon [_thread_blocked, id=11424, stack(0x0000007bf3600000,0x0000007bf3700000) (1024K)]
  0x00000212ff006fe0 JavaThread "Notification Thread"        daemon [_thread_blocked, id=18056, stack(0x0000007bf3500000,0x0000007bf3600000) (1024K)]
  0x00000212feffefb0 JavaThread "Active Thread: Equinox Container: 85f8f29d-bfc0-469e-b1ab-4ede6369b1d6"        [_thread_blocked, id=12216, stack(0x0000007bf3700000,0x0000007bf3800000) (1024K)]
  0x00000212ff7432a0 JavaThread "Refresh Thread: Equinox Container: 85f8f29d-bfc0-469e-b1ab-4ede6369b1d6" daemon [_thread_blocked, id=17608, stack(0x0000007bf4000000,0x0000007bf4100000) (1024K)]
  0x00000212ff62de50 JavaThread "Framework Event Dispatcher: Equinox Container: 85f8f29d-bfc0-469e-b1ab-4ede6369b1d6" daemon [_thread_blocked, id=8096, stack(0x0000007bf4100000,0x0000007bf4200000) (1024K)]
  0x00000212ff62e8d0 JavaThread "Start Level: Equinox Container: 85f8f29d-bfc0-469e-b1ab-4ede6369b1d6" daemon [_thread_blocked, id=4312, stack(0x0000007bf4200000,0x0000007bf4300000) (1024K)]
  0x00000212d828ac40 JavaThread "Bundle File Closer"         daemon [_thread_blocked, id=17764, stack(0x0000007bf4300000,0x0000007bf4400000) (1024K)]
  0x00000212ff8de7f0 JavaThread "SCR Component Actor"        daemon [_thread_blocked, id=9172, stack(0x0000007bf3e00000,0x0000007bf3f00000) (1024K)]
  0x00000212fefed550 JavaThread "Worker-JM"                         [_thread_blocked, id=10216, stack(0x0000007bf4400000,0x0000007bf4500000) (1024K)]
  0x00000212d8662e50 JavaThread "JNA Cleaner"                daemon [_thread_blocked, id=17968, stack(0x0000007bf4500000,0x0000007bf4600000) (1024K)]
  0x00000212d86634e0 JavaThread "Java indexing"              daemon [_thread_blocked, id=2944, stack(0x0000007bf4b00000,0x0000007bf4c00000) (1024K)]
  0x00000212d8661aa0 JavaThread "Worker-3"                          [_thread_blocked, id=18276, stack(0x0000007bf4a00000,0x0000007bf4b00000) (1024K)]
  0x00000212d8660060 JavaThread "Thread-1"                   daemon [_thread_in_native, id=14552, stack(0x0000007bf4f00000,0x0000007bf5000000) (1024K)]
  0x00000212da3f99a0 JavaThread "Thread-2"                   daemon [_thread_in_native, id=17936, stack(0x0000007bf5000000,0x0000007bf5100000) (1024K)]
  0x00000212da3f8c80 JavaThread "Thread-3"                   daemon [_thread_in_native, id=17520, stack(0x0000007bf5100000,0x0000007bf5200000) (1024K)]
  0x00000212da3fa030 JavaThread "Thread-4"                   daemon [_thread_in_native, id=16476, stack(0x0000007bf5200000,0x0000007bf5300000) (1024K)]
  0x00000212da3fa6c0 JavaThread "Thread-5"                   daemon [_thread_in_native, id=16032, stack(0x0000007bf5300000,0x0000007bf5400000) (1024K)]
  0x00000212da3fd4b0 JavaThread "Thread-6"                   daemon [_thread_in_native, id=18052, stack(0x0000007bf5400000,0x0000007bf5500000) (1024K)]
  0x00000212da3fba70 JavaThread "Thread-7"                   daemon [_thread_in_native, id=9140, stack(0x0000007bf5500000,0x0000007bf5600000) (1024K)]
  0x00000212da3fad50 JavaThread "Thread-8"                   daemon [_thread_in_native, id=8880, stack(0x0000007bf5600000,0x0000007bf5700000) (1024K)]
  0x00000212da3fb3e0 JavaThread "Thread-9"                   daemon [_thread_in_native, id=17836, stack(0x0000007bf5700000,0x0000007bf5800000) (1024K)]
  0x00000212da3fce20 JavaThread "pool-2-thread-1"                   [_thread_blocked, id=7248, stack(0x0000007bf5900000,0x0000007bf5a00000) (1024K)]
  0x00000212da3f7f60 JavaThread "WorkspaceEventsHandler"            [_thread_blocked, id=18388, stack(0x0000007bf5a00000,0x0000007bf5b00000) (1024K)]
  0x00000212da3fe1d0 JavaThread "pool-1-thread-1"                   [_thread_blocked, id=18300, stack(0x0000007bf5b00000,0x0000007bf5c00000) (1024K)]
  0x00000212db227930 JavaThread "Cleaner-0"                  daemon [_thread_blocked, id=17820, stack(0x0000007bf4800000,0x0000007bf4900000) (1024K)]
  0x00000212d92b6230 JavaThread "Worker-5"                          [_thread_blocked, id=9388, stack(0x0000007bf2600000,0x0000007bf2700000) (1024K)]
  0x00000212d92b9020 JavaThread "Compiler Source File Reader" daemon [_thread_blocked, id=8572, stack(0x0000007bf4700000,0x0000007bf4800000) (1024K)]
  0x00000212d92b8990 JavaThread "Compiler Source File Reader" daemon [_thread_blocked, id=4380, stack(0x0000007bf4c00000,0x0000007bf4d00000) (1024K)]
  0x00000212d92b9d40 JavaThread "Compiler Source File Reader" daemon [_thread_blocked, id=3696, stack(0x0000007bf4d00000,0x0000007bf4e00000) (1024K)]
  0x00000212d92b4e80 JavaThread "Compiler Source File Reader" daemon [_thread_blocked, id=3056, stack(0x0000007bf4e00000,0x0000007bf4f00000) (1024K)]
  0x00000212d92ba3d0 JavaThread "Compiler Source File Reader" daemon [_thread_blocked, id=16888, stack(0x0000007bf5800000,0x0000007bf5900000) (1024K)]
  0x00000212d92b3ad0 JavaThread "Compiler Source File Reader" daemon [_thread_blocked, id=16340, stack(0x0000007bf2800000,0x0000007bf2900000) (1024K)]
Total: 41

Other Threads:
  0x00000212f9a71b30 VMThread "VM Thread"                           [id=10120, stack(0x0000007bf2c00000,0x0000007bf2d00000) (1024K)]
  0x00000212f9a1adb0 WatcherThread "VM Periodic Task Thread"        [id=15412, stack(0x0000007bf2b00000,0x0000007bf2c00000) (1024K)]
  0x00000212f99cf780 WorkerThread "GC Thread#0"                     [id=8852, stack(0x0000007bf2a00000,0x0000007bf2b00000) (1024K)]
  0x00000212ff3d5a60 WorkerThread "GC Thread#1"                     [id=9084, stack(0x0000007bf3800000,0x0000007bf3900000) (1024K)]
  0x00000212ff3d5e10 WorkerThread "GC Thread#2"                     [id=15316, stack(0x0000007bf3900000,0x0000007bf3a00000) (1024K)]
  0x00000212ff3d6cd0 WorkerThread "GC Thread#3"                     [id=8832, stack(0x0000007bf3a00000,0x0000007bf3b00000) (1024K)]
  0x00000212ff3d61c0 WorkerThread "GC Thread#4"                     [id=17948, stack(0x0000007bf3b00000,0x0000007bf3c00000) (1024K)]
  0x00000212ff3d7430 WorkerThread "GC Thread#5"                     [id=16168, stack(0x0000007bf3c00000,0x0000007bf3d00000) (1024K)]
  0x00000212ff3d6570 WorkerThread "GC Thread#6"                     [id=16864, stack(0x0000007bf3d00000,0x0000007bf3e00000) (1024K)]
  0x00000212ff3d7080 WorkerThread "GC Thread#7"                     [id=12612, stack(0x0000007bf3f00000,0x0000007bf4000000) (1024K)]
Total: 10

Threads with active compile tasks:
C2 CompilerThread0  1255985 16527 %     4       org.eclipse.jdt.internal.compiler.classfmt.ModuleInfo::readModuleAttribute @ 357 (1166 bytes)
Total: 1

VM state: at safepoint (normal execution)

VM Mutex/Monitor currently owned by a thread:  ([mutex/lock_event])
[0x00007ffe53e9e560] Threads_lock - owner thread: 0x00000212f9a71b30
[0x00007ffe53e9e660] Heap_lock - owner thread: 0x00000212da3fe1d0

Heap address: 0x0000000080000000, size: 2048 MB, Compressed Oops mode: 32-bit

CDS archive(s) mapped at: [0x0000021293000000-0x0000021293ba0000-0x0000021293ba0000), size 12189696, SharedBaseAddress: 0x0000021293000000, ArchiveRelocationMode: 1.
Compressed class space mapped at: 0x0000021294000000-0x00000212d4000000, reserved size: 1073741824
Narrow klass base: 0x0000021293000000, Narrow klass shift: 0, Narrow klass range: 0x100000000

GC Precious Log:
 CardTable entry size: 512
 CPUs: 8 total, 8 available
 Memory: 8067M
 Large Page Support: Disabled
 NUMA Support: Disabled
 Compressed Oops: Enabled (32-bit)
 Alignments: Space 512K, Generation 512K, Heap 2M
 Heap Min Capacity: 100M
 Heap Initial Capacity: 100M
 Heap Max Capacity: 2G
 Pre-touch: Disabled
 Parallel Workers: 8

Heap:
 PSYoungGen      total 2560K, used 2544K [0x00000000d5580000, 0x00000000d5980000, 0x0000000100000000)
  eden space 2048K, 100% used [0x00000000d5580000,0x00000000d5780000,0x00000000d5780000)
  from space 512K, 96% used [0x00000000d5880000,0x00000000d58fc010,0x00000000d5900000)
  to   space 512K, 97% used [0x00000000d5900000,0x00000000d597d200,0x00000000d5980000)
 ParOldGen       total 410624K, used 410264K [0x0000000080000000, 0x0000000099100000, 0x00000000d5580000)
  object space 410624K, 99% used [0x0000000080000000,0x00000000990a6348,0x0000000099100000)
 Metaspace       used 72193K, committed 73728K, reserved 1179648K
  class space    used 7312K, committed 8000K, reserved 1048576K

Card table byte_map: [0x00000212f9360000,0x00000212f9770000] _byte_map_base: 0x00000212f8f60000

Marking Bits: (ParMarkBitMap*) 0x00007ffe53ea3450
 Begin Bits: [0x000002128f000000, 0x0000021291000000)
 End Bits:   [0x0000021291000000, 0x0000021293000000)

Polling page: 0x00000212f7780000

Metaspace:

Usage:
  Non-class:     63.36 MB used.
      Class:      7.14 MB used.
       Both:     70.50 MB used.

Virtual space:
  Non-class space:      128.00 MB reserved,      64.19 MB ( 50%) committed,  2 nodes.
      Class space:        1.00 GB reserved,       7.81 MB ( <1%) committed,  1 nodes.
             Both:        1.12 GB reserved,      72.00 MB (  6%) committed. 

Chunk freelists:
   Non-Class:  15.36 MB
       Class:  8.04 MB
        Both:  23.39 MB

MaxMetaspaceSize: unlimited
CompressedClassSpaceSize: 1.00 GB
Initial GC threshold: 21.00 MB
Current GC threshold: 97.31 MB
CDS: on
 - commit_granule_bytes: 65536.
 - commit_granule_words: 8192.
 - virtual_space_node_default_size: 8388608.
 - enlarge_chunks_in_place: 1.
 - use_allocation_guard: 0.


Internal statistics:

num_allocs_failed_limit: 9.
num_arena_births: 1384.
num_arena_deaths: 14.
num_vsnodes_births: 3.
num_vsnodes_deaths: 0.
num_space_committed: 1152.
num_space_uncommitted: 0.
num_chunks_returned_to_freelist: 23.
num_chunks_taken_from_freelist: 5015.
num_chunk_merges: 14.
num_chunk_splits: 2969.
num_chunks_enlarged: 1534.
num_inconsistent_stats: 0.

CodeHeap 'non-profiled nmethods': size=120000Kb used=12108Kb max_used=12108Kb free=107891Kb
 bounds [0x0000021287ad0000, 0x00000212886b0000, 0x000002128f000000]
CodeHeap 'profiled nmethods': size=120000Kb used=36606Kb max_used=36606Kb free=83394Kb
 bounds [0x0000021280000000, 0x00000212823c0000, 0x0000021287530000]
CodeHeap 'non-nmethods': size=5760Kb used=1466Kb max_used=1622Kb free=4293Kb
 bounds [0x0000021287530000, 0x00000212877a0000, 0x0000021287ad0000]
CodeCache: size=245760Kb, used=50180Kb, max_used=50336Kb, free=195578Kb
 total_blobs=16425, nmethods=15641, adapters=689, full_count=0
Compilation: enabled, stopped_count=0, restarted_count=0

Compilation events (20 events):
Event: 1255.577 Thread 0x00000212fd456b20 16531       3       java.lang.invoke.LambdaForm$MH/0x0000021294728000::invoke (42 bytes)
Event: 1255.598 Thread 0x00000212fd456b20 nmethod 16531 0x00000212823b8e10 code [0x00000212823b90a0, 0x00000212823b9e20]
Event: 1255.612 Thread 0x00000212fd456b20 16533       3       org.eclipse.jdt.internal.compiler.lookup.SplitPackageBinding::findPackage (231 bytes)
Event: 1255.644 Thread 0x00000212fd456b20 nmethod 16533 0x00000212823ba290 code [0x00000212823ba640, 0x00000212823bc1a0]
Event: 1255.713 Thread 0x00000212fd456b20 16535       3       org.eclipse.jdt.internal.compiler.lookup.ReferenceBinding::setAnnotations (8 bytes)
Event: 1255.717 Thread 0x00000212fd456b20 nmethod 16535 0x00000212823bc890 code [0x00000212823bca40, 0x00000212823bcc20]
Event: 1255.727 Thread 0x00000212fd456b20 16536  s    3       org.eclipse.jdt.internal.core.JavaModelManager::peekAtInfo (39 bytes)
Event: 1255.740 Thread 0x00000212fd456b20 nmethod 16536 0x00000212823bcd10 code [0x00000212823bcf00, 0x00000212823bd588]
Event: 1255.776 Thread 0x00000212fd456b20 16539       3       org.eclipse.jdt.internal.compiler.lookup.InferenceContext18::updateInnerDiamonds (85 bytes)
Event: 1255.782 Thread 0x00000212fd456b20 nmethod 16539 0x00000212823bd710 code [0x00000212823bd920, 0x00000212823be0e0]
Event: 1255.816 Thread 0x00000212fd456b20 16540       1       org.eclipse.jdt.internal.compiler.ast.ReferenceExpression::genericTypeArguments (5 bytes)
Event: 1255.818 Thread 0x00000212fd456b20 nmethod 16540 0x00000212886a3010 code [0x00000212886a31a0, 0x00000212886a3268]
Event: 1255.820 Thread 0x00000212fd456b20 16541       3       org.eclipse.jdt.internal.compiler.lookup.InferenceVariable::substituteInferenceVariable (12 bytes)
Event: 1255.821 Thread 0x00000212fd456b20 nmethod 16541 0x00000212823be390 code [0x00000212823be540, 0x00000212823be6f0]
Event: 1255.844 Thread 0x00000212fd456b20 16542       3       org.eclipse.jdt.internal.compiler.ast.Block::isEmptyBlock (11 bytes)
Event: 1255.846 Thread 0x00000212fd456b20 nmethod 16542 0x00000212823be790 code [0x00000212823be940, 0x00000212823beab0]
Event: 1255.848 Thread 0x00000212fd456b20 16543       3       org.eclipse.jdt.internal.compiler.lookup.LookupEnvironment::createRawType (39 bytes)
Event: 1255.853 Thread 0x00000212fd456b20 nmethod 16543 0x00000212823beb90 code [0x00000212823bed80, 0x00000212823bf260]
Event: 1255.854 Thread 0x00000212fd456b20 16544       3       org.eclipse.jdt.internal.compiler.codegen.StackMapFrame::getOffsetDelta (36 bytes)
Event: 1255.854 Thread 0x00000212fd456b20 nmethod 16544 0x00000212823bf390 code [0x00000212823bf540, 0x00000212823bf728]

GC Heap History (20 events):
Event: 1083.262 GC heap before
{Heap before GC invocations=413 (full 3):
 PSYoungGen      total 3072K, used 3072K [0x00000000d5580000, 0x00000000d5a80000, 0x0000000100000000)
  eden space 2048K, 100% used [0x00000000d5580000,0x00000000d5780000,0x00000000d5780000)
  from space 1024K, 100% used [0x00000000d5880000,0x00000000d5980000,0x00000000d5980000)
  to   space 1024K, 0% used [0x00000000d5980000,0x00000000d5980000,0x00000000d5a80000)
 ParOldGen       total 406528K, used 406436K [0x0000000080000000, 0x0000000098d00000, 0x00000000d5580000)
  object space 406528K, 99% used [0x0000000080000000,0x0000000098ce9378,0x0000000098d00000)
 Metaspace       used 72119K, committed 73664K, reserved 1179648K
  class space    used 7311K, committed 8000K, reserved 1048576K
}
Event: 1083.264 GC heap after
{Heap after GC invocations=413 (full 3):
 PSYoungGen      total 3072K, used 672K [0x00000000d5580000, 0x00000000d5a80000, 0x0000000100000000)
  eden space 2048K, 0% used [0x00000000d5580000,0x00000000d5580000,0x00000000d5780000)
  from space 1024K, 65% used [0x00000000d5980000,0x00000000d5a28000,0x00000000d5a80000)
  to   space 1024K, 0% used [0x00000000d5880000,0x00000000d5880000,0x00000000d5980000)
 ParOldGen       total 407040K, used 406883K [0x0000000080000000, 0x0000000098d80000, 0x00000000d5580000)
  object space 407040K, 99% used [0x0000000080000000,0x0000000098d58f20,0x0000000098d80000)
 Metaspace       used 72119K, committed 73664K, reserved 1179648K
  class space    used 7311K, committed 8000K, reserved 1048576K
}
Event: 1083.293 GC heap before
{Heap before GC invocations=414 (full 3):
 PSYoungGen      total 3072K, used 2720K [0x00000000d5580000, 0x00000000d5a80000, 0x0000000100000000)
  eden space 2048K, 100% used [0x00000000d5580000,0x00000000d5780000,0x00000000d5780000)
  from space 1024K, 65% used [0x00000000d5980000,0x00000000d5a28000,0x00000000d5a80000)
  to   space 1024K, 0% used [0x00000000d5880000,0x00000000d5880000,0x00000000d5980000)
 ParOldGen       total 407040K, used 406883K [0x0000000080000000, 0x0000000098d80000, 0x00000000d5580000)
  object space 407040K, 99% used [0x0000000080000000,0x0000000098d58f20,0x0000000098d80000)
 Metaspace       used 72119K, committed 73664K, reserved 1179648K
  class space    used 7311K, committed 8000K, reserved 1048576K
}
Event: 1083.297 GC heap after
{Heap after GC invocations=414 (full 3):
 PSYoungGen      total 3072K, used 896K [0x00000000d5580000, 0x00000000d5a00000, 0x0000000100000000)
  eden space 2048K, 0% used [0x00000000d5580000,0x00000000d5580000,0x00000000d5780000)
  from space 1024K, 87% used [0x00000000d5880000,0x00000000d5960000,0x00000000d5980000)
  to   space 512K, 0% used [0x00000000d5980000,0x00000000d5980000,0x00000000d5a00000)
 ParOldGen       total 407552K, used 407485K [0x0000000080000000, 0x0000000098e00000, 0x00000000d5580000)
  object space 407552K, 99% used [0x0000000080000000,0x0000000098def538,0x0000000098e00000)
 Metaspace       used 72119K, committed 73664K, reserved 1179648K
  class space    used 7311K, committed 8000K, reserved 1048576K
}
Event: 1083.347 GC heap before
{Heap before GC invocations=415 (full 3):
 PSYoungGen      total 3072K, used 2944K [0x00000000d5580000, 0x00000000d5a00000, 0x0000000100000000)
  eden space 2048K, 100% used [0x00000000d5580000,0x00000000d5780000,0x00000000d5780000)
  from space 1024K, 87% used [0x00000000d5880000,0x00000000d5960000,0x00000000d5980000)
  to   space 512K, 0% used [0x00000000d5980000,0x00000000d5980000,0x00000000d5a00000)
 ParOldGen       total 407552K, used 407485K [0x0000000080000000, 0x0000000098e00000, 0x00000000d5580000)
  object space 407552K, 99% used [0x0000000080000000,0x0000000098def538,0x0000000098e00000)
 Metaspace       used 72126K, committed 73664K, reserved 1179648K
  class space    used 7311K, committed 8000K, reserved 1048576K
}
Event: 1083.352 GC heap after
{Heap after GC invocations=415 (full 3):
 PSYoungGen      total 2560K, used 512K [0x00000000d5580000, 0x00000000d5b80000, 0x0000000100000000)
  eden space 2048K, 0% used [0x00000000d5580000,0x00000000d5580000,0x00000000d5780000)
  from space 512K, 100% used [0x00000000d5980000,0x00000000d5a00000,0x00000000d5a00000)
  to   space 2048K, 0% used [0x00000000d5780000,0x00000000d5780000,0x00000000d5980000)
 ParOldGen       total 408576K, used 408413K [0x0000000080000000, 0x0000000098f00000, 0x00000000d5580000)
  object space 408576K, 99% used [0x0000000080000000,0x0000000098ed7548,0x0000000098f00000)
 Metaspace       used 72126K, committed 73664K, reserved 1179648K
  class space    used 7311K, committed 8000K, reserved 1048576K
}
Event: 1085.154 GC heap before
{Heap before GC invocations=416 (full 3):
 PSYoungGen      total 2560K, used 2557K [0x00000000d5580000, 0x00000000d5b80000, 0x0000000100000000)
  eden space 2048K, 99% used [0x00000000d5580000,0x00000000d577f7b8,0x00000000d5780000)
  from space 512K, 100% used [0x00000000d5980000,0x00000000d5a00000,0x00000000d5a00000)
  to   space 2048K, 0% used [0x00000000d5780000,0x00000000d5780000,0x00000000d5980000)
 ParOldGen       total 408576K, used 408413K [0x0000000080000000, 0x0000000098f00000, 0x00000000d5580000)
  object space 408576K, 99% used [0x0000000080000000,0x0000000098ed7548,0x0000000098f00000)
 Metaspace       used 72137K, committed 73664K, reserved 1179648K
  class space    used 7311K, committed 8000K, reserved 1048576K
}
Event: 1085.158 GC heap after
{Heap after GC invocations=416 (full 3):
 PSYoungGen      total 3072K, used 532K [0x00000000d5580000, 0x00000000d5a00000, 0x0000000100000000)
  eden space 2048K, 0% used [0x00000000d5580000,0x00000000d5580000,0x00000000d5780000)
  from space 1024K, 52% used [0x00000000d5780000,0x00000000d5805200,0x00000000d5880000)
  to   space 1024K, 0% used [0x00000000d5900000,0x00000000d5900000,0x00000000d5a00000)
 ParOldGen       total 409088K, used 408948K [0x0000000080000000, 0x0000000098f80000, 0x00000000d5580000)
  object space 409088K, 99% used [0x0000000080000000,0x0000000098f5d0f0,0x0000000098f80000)
 Metaspace       used 72137K, committed 73664K, reserved 1179648K
  class space    used 7311K, committed 8000K, reserved 1048576K
}
Event: 1085.172 GC heap before
{Heap before GC invocations=417 (full 3):
 PSYoungGen      total 3072K, used 2580K [0x00000000d5580000, 0x00000000d5a00000, 0x0000000100000000)
  eden space 2048K, 99% used [0x00000000d5580000,0x00000000d577fff0,0x00000000d5780000)
  from space 1024K, 52% used [0x00000000d5780000,0x00000000d5805200,0x00000000d5880000)
  to   space 1024K, 0% used [0x00000000d5900000,0x00000000d5900000,0x00000000d5a00000)
 ParOldGen       total 409088K, used 408948K [0x0000000080000000, 0x0000000098f80000, 0x00000000d5580000)
  object space 409088K, 99% used [0x0000000080000000,0x0000000098f5d0f0,0x0000000098f80000)
 Metaspace       used 72137K, committed 73664K, reserved 1179648K
  class space    used 7311K, committed 8000K, reserved 1048576K
}
Event: 1085.175 GC heap after
{Heap after GC invocations=417 (full 3):
 PSYoungGen      total 3072K, used 560K [0x00000000d5580000, 0x00000000d5a00000, 0x0000000100000000)
  eden space 2048K, 0% used [0x00000000d5580000,0x00000000d5580000,0x00000000d5780000)
  from space 1024K, 54% used [0x00000000d5900000,0x00000000d598c010,0x00000000d5a00000)
  to   space 1024K, 0% used [0x00000000d5780000,0x00000000d5780000,0x00000000d5880000)
 ParOldGen       total 409600K, used 409399K [0x0000000080000000, 0x0000000099000000, 0x00000000d5580000)
  object space 409600K, 99% used [0x0000000080000000,0x0000000098fcdf28,0x0000000099000000)
 Metaspace       used 72137K, committed 73664K, reserved 1179648K
  class space    used 7311K, committed 8000K, reserved 1048576K
}
Event: 1085.201 GC heap before
{Heap before GC invocations=418 (full 3):
 PSYoungGen      total 3072K, used 2608K [0x00000000d5580000, 0x00000000d5a00000, 0x0000000100000000)
  eden space 2048K, 100% used [0x00000000d5580000,0x00000000d5780000,0x00000000d5780000)
  from space 1024K, 54% used [0x00000000d5900000,0x00000000d598c010,0x00000000d5a00000)
  to   space 1024K, 0% used [0x00000000d5780000,0x00000000d5780000,0x00000000d5880000)
 ParOldGen       total 409600K, used 409399K [0x0000000080000000, 0x0000000099000000, 0x00000000d5580000)
  object space 409600K, 99% used [0x0000000080000000,0x0000000098fcdf28,0x0000000099000000)
 Metaspace       used 72150K, committed 73664K, reserved 1179648K
  class space    used 7311K, committed 8000K, reserved 1048576K
}
Event: 1085.203 GC heap after
{Heap after GC invocations=418 (full 3):
 PSYoungGen      total 3072K, used 276K [0x00000000d5580000, 0x00000000d5980000, 0x0000000100000000)
  eden space 2048K, 0% used [0x00000000d5580000,0x00000000d5580000,0x00000000d5780000)
  from space 1024K, 27% used [0x00000000d5780000,0x00000000d57c5200,0x00000000d5880000)
  to   space 512K, 0% used [0x00000000d5900000,0x00000000d5900000,0x00000000d5980000)
 ParOldGen       total 409600K, used 409423K [0x0000000080000000, 0x0000000099000000, 0x00000000d5580000)
  object space 409600K, 99% used [0x0000000080000000,0x0000000098fd3f28,0x0000000099000000)
 Metaspace       used 72150K, committed 73664K, reserved 1179648K
  class space    used 7311K, committed 8000K, reserved 1048576K
}
Event: 1085.217 GC heap before
{Heap before GC invocations=419 (full 3):
 PSYoungGen      total 3072K, used 2324K [0x00000000d5580000, 0x00000000d5980000, 0x0000000100000000)
  eden space 2048K, 99% used [0x00000000d5580000,0x00000000d577ffe8,0x00000000d5780000)
  from space 1024K, 27% used [0x00000000d5780000,0x00000000d57c5200,0x00000000d5880000)
  to   space 512K, 0% used [0x00000000d5900000,0x00000000d5900000,0x00000000d5980000)
 ParOldGen       total 409600K, used 409423K [0x0000000080000000, 0x0000000099000000, 0x00000000d5580000)
  object space 409600K, 99% used [0x0000000080000000,0x0000000098fd3f28,0x0000000099000000)
 Metaspace       used 72157K, committed 73664K, reserved 1179648K
  class space    used 7312K, committed 8000K, reserved 1048576K
}
Event: 1085.219 GC heap after
{Heap after GC invocations=419 (full 3):
 PSYoungGen      total 2560K, used 512K [0x00000000d5580000, 0x00000000d5980000, 0x0000000100000000)
  eden space 2048K, 0% used [0x00000000d5580000,0x00000000d5580000,0x00000000d5780000)
  from space 512K, 100% used [0x00000000d5900000,0x00000000d5980000,0x00000000d5980000)
  to   space 1024K, 0% used [0x00000000d5780000,0x00000000d5780000,0x00000000d5880000)
 ParOldGen       total 409600K, used 409532K [0x0000000080000000, 0x0000000099000000, 0x00000000d5580000)
  object space 409600K, 99% used [0x0000000080000000,0x0000000098fef128,0x0000000099000000)
 Metaspace       used 72157K, committed 73664K, reserved 1179648K
  class space    used 7312K, committed 8000K, reserved 1048576K
}
Event: 1142.644 GC heap before
{Heap before GC invocations=420 (full 3):
 PSYoungGen      total 2560K, used 2559K [0x00000000d5580000, 0x00000000d5980000, 0x0000000100000000)
  eden space 2048K, 99% used [0x00000000d5580000,0x00000000d577ff90,0x00000000d5780000)
  from space 512K, 100% used [0x00000000d5900000,0x00000000d5980000,0x00000000d5980000)
  to   space 1024K, 0% used [0x00000000d5780000,0x00000000d5780000,0x00000000d5880000)
 ParOldGen       total 409600K, used 409532K [0x0000000080000000, 0x0000000099000000, 0x00000000d5580000)
  object space 409600K, 99% used [0x0000000080000000,0x0000000098fef128,0x0000000099000000)
 Metaspace       used 72185K, committed 73728K, reserved 1179648K
  class space    used 7312K, committed 8000K, reserved 1048576K
}
Event: 1142.648 GC heap after
{Heap after GC invocations=420 (full 3):
 PSYoungGen      total 3072K, used 224K [0x00000000d5580000, 0x00000000d5980000, 0x0000000100000000)
  eden space 2048K, 0% used [0x00000000d5580000,0x00000000d5580000,0x00000000d5780000)
  from space 1024K, 21% used [0x00000000d5780000,0x00000000d57b8000,0x00000000d5880000)
  to   space 512K, 0% used [0x00000000d5900000,0x00000000d5900000,0x00000000d5980000)
 ParOldGen       total 409600K, used 409580K [0x0000000080000000, 0x0000000099000000, 0x00000000d5580000)
  object space 409600K, 99% used [0x0000000080000000,0x0000000098ffb128,0x0000000099000000)
 Metaspace       used 72185K, committed 73728K, reserved 1179648K
  class space    used 7312K, committed 8000K, reserved 1048576K
}
Event: 1255.199 GC heap before
{Heap before GC invocations=421 (full 3):
 PSYoungGen      total 3072K, used 2272K [0x00000000d5580000, 0x00000000d5980000, 0x0000000100000000)
  eden space 2048K, 100% used [0x00000000d5580000,0x00000000d5780000,0x00000000d5780000)
  from space 1024K, 21% used [0x00000000d5780000,0x00000000d57b8000,0x00000000d5880000)
  to   space 512K, 0% used [0x00000000d5900000,0x00000000d5900000,0x00000000d5980000)
 ParOldGen       total 409600K, used 409580K [0x0000000080000000, 0x0000000099000000, 0x00000000d5580000)
  object space 409600K, 99% used [0x0000000080000000,0x0000000098ffb128,0x0000000099000000)
 Metaspace       used 72188K, committed 73728K, reserved 1179648K
  class space    used 7312K, committed 8000K, reserved 1048576K
}
Event: 1255.306 GC heap after
{Heap after GC invocations=421 (full 3):
 PSYoungGen      total 2560K, used 218K [0x00000000d5580000, 0x00000000d5980000, 0x0000000100000000)
  eden space 2048K, 0% used [0x00000000d5580000,0x00000000d5580000,0x00000000d5780000)
  from space 512K, 42% used [0x00000000d5900000,0x00000000d5936900,0x00000000d5980000)
  to   space 512K, 0% used [0x00000000d5880000,0x00000000d5880000,0x00000000d5900000)
 ParOldGen       total 410112K, used 409620K [0x0000000080000000, 0x0000000099080000, 0x00000000d5580000)
  object space 410112K, 99% used [0x0000000080000000,0x0000000099005128,0x0000000099080000)
 Metaspace       used 72188K, committed 73728K, reserved 1179648K
  class space    used 7312K, committed 8000K, reserved 1048576K
}
Event: 1255.650 GC heap before
{Heap before GC invocations=422 (full 3):
 PSYoungGen      total 2560K, used 2266K [0x00000000d5580000, 0x00000000d5980000, 0x0000000100000000)
  eden space 2048K, 100% used [0x00000000d5580000,0x00000000d5780000,0x00000000d5780000)
  from space 512K, 42% used [0x00000000d5900000,0x00000000d5936900,0x00000000d5980000)
  to   space 512K, 0% used [0x00000000d5880000,0x00000000d5880000,0x00000000d5900000)
 ParOldGen       total 410112K, used 409620K [0x0000000080000000, 0x0000000099080000, 0x00000000d5580000)
  object space 410112K, 99% used [0x0000000080000000,0x0000000099005128,0x0000000099080000)
 Metaspace       used 72191K, committed 73728K, reserved 1179648K
  class space    used 7312K, committed 8000K, reserved 1048576K
}
Event: 1255.657 GC heap after
{Heap after GC invocations=422 (full 3):
 PSYoungGen      total 2560K, used 496K [0x00000000d5580000, 0x00000000d5980000, 0x0000000100000000)
  eden space 2048K, 0% used [0x00000000d5580000,0x00000000d5580000,0x00000000d5780000)
  from space 512K, 96% used [0x00000000d5880000,0x00000000d58fc010,0x00000000d5900000)
  to   space 512K, 0% used [0x00000000d5900000,0x00000000d5900000,0x00000000d5980000)
 ParOldGen       total 410112K, used 409776K [0x0000000080000000, 0x0000000099080000, 0x00000000d5580000)
  object space 410112K, 99% used [0x0000000080000000,0x000000009902c338,0x0000000099080000)
 Metaspace       used 72191K, committed 73728K, reserved 1179648K
  class space    used 7312K, committed 8000K, reserved 1048576K
}

Dll operation events (10 events):
Event: 0.018 Loaded shared library c:\Users\sonaw\.antigravity\extensions\redhat.java-1.53.0-win32-x64\jre\21.0.10-win32-x86_64\bin\java.dll
Event: 0.192 Loaded shared library c:\Users\sonaw\.antigravity\extensions\redhat.java-1.53.0-win32-x64\jre\21.0.10-win32-x86_64\bin\zip.dll
Event: 0.257 Loaded shared library C:\Users\sonaw\.antigravity\extensions\redhat.java-1.53.0-win32-x64\jre\21.0.10-win32-x86_64\bin\instrument.dll
Event: 0.268 Loaded shared library C:\Users\sonaw\.antigravity\extensions\redhat.java-1.53.0-win32-x64\jre\21.0.10-win32-x86_64\bin\net.dll
Event: 0.271 Loaded shared library C:\Users\sonaw\.antigravity\extensions\redhat.java-1.53.0-win32-x64\jre\21.0.10-win32-x86_64\bin\nio.dll
Event: 0.277 Loaded shared library C:\Users\sonaw\.antigravity\extensions\redhat.java-1.53.0-win32-x64\jre\21.0.10-win32-x86_64\bin\zip.dll
Event: 0.317 Loaded shared library C:\Users\sonaw\.antigravity\extensions\redhat.java-1.53.0-win32-x64\jre\21.0.10-win32-x86_64\bin\jimage.dll
Event: 0.592 Loaded shared library c:\Users\sonaw\.antigravity\extensions\redhat.java-1.53.0-win32-x64\jre\21.0.10-win32-x86_64\bin\verify.dll
Event: 4.034 Loaded shared library C:\Users\sonaw\AppData\Roaming\Antigravity\User\globalStorage\redhat.java\1.53.0\config_win\org.eclipse.equinox.launcher\org.eclipse.equinox.launcher.win32.win32.x86_64_1.3.0.v20260203-2149\eclipse_11919.dll
Event: 8.834 Loaded shared library C:\Users\sonaw\AppData\Local\Temp\jna-109620552\jna11346096951958940887.dll

Deoptimization events (20 events):
Event: 1085.183 Thread 0x00000212d8661aa0 DEOPT PACKING pc=0x00000212886776a8 sp=0x0000007bf4afe220
Event: 1085.183 Thread 0x00000212d8661aa0 DEOPT UNPACKING pc=0x0000021287583aa2 sp=0x0000007bf4afe150 mode 2
Event: 1255.166 Thread 0x00000212da3fe1d0 DEOPT PACKING pc=0x0000021281eeae15 sp=0x0000007bf5bfda00
Event: 1255.169 Thread 0x00000212da3fe1d0 DEOPT UNPACKING pc=0x0000021287584242 sp=0x0000007bf5bfcf40 mode 0
Event: 1255.572 Thread 0x00000212da3fe1d0 Uncommon trap: trap_request=0xffffffbe fr.pc=0x0000021288686c74 relative=0x0000000000001434
Event: 1255.573 Thread 0x00000212da3fe1d0 Uncommon trap: reason=profile_predicate action=maybe_recompile pc=0x0000021288686c74 method=java.util.TimSort.reverseRange([Ljava/lang/Object;II)V @ 5 c2
Event: 1255.573 Thread 0x00000212da3fe1d0 DEOPT PACKING pc=0x0000021288686c74 sp=0x0000007bf5bfd890
Event: 1255.574 Thread 0x00000212da3fe1d0 DEOPT UNPACKING pc=0x0000021287583aa2 sp=0x0000007bf5bfd730 mode 2
Event: 1255.715 Thread 0x00000212da3fe1d0 Uncommon trap: trap_request=0xffffffbe fr.pc=0x0000021288686c74 relative=0x0000000000001434
Event: 1255.715 Thread 0x00000212da3fe1d0 Uncommon trap: reason=profile_predicate action=maybe_recompile pc=0x0000021288686c74 method=java.util.TimSort.reverseRange([Ljava/lang/Object;II)V @ 5 c2
Event: 1255.715 Thread 0x00000212da3fe1d0 DEOPT PACKING pc=0x0000021288686c74 sp=0x0000007bf5bfd250
Event: 1255.716 Thread 0x00000212da3fe1d0 DEOPT UNPACKING pc=0x0000021287583aa2 sp=0x0000007bf5bfd0f0 mode 2
Event: 1255.717 Thread 0x00000212da3fe1d0 Uncommon trap: trap_request=0xffffffbe fr.pc=0x0000021288686c74 relative=0x0000000000001434
Event: 1255.717 Thread 0x00000212da3fe1d0 Uncommon trap: reason=profile_predicate action=maybe_recompile pc=0x0000021288686c74 method=java.util.TimSort.reverseRange([Ljava/lang/Object;II)V @ 5 c2
Event: 1255.717 Thread 0x00000212da3fe1d0 DEOPT PACKING pc=0x0000021288686c74 sp=0x0000007bf5bfcdf0
Event: 1255.717 Thread 0x00000212da3fe1d0 DEOPT UNPACKING pc=0x0000021287583aa2 sp=0x0000007bf5bfcc90 mode 2
Event: 1255.746 Thread 0x00000212da3fe1d0 Uncommon trap: trap_request=0xffffffbe fr.pc=0x0000021288686c74 relative=0x0000000000001434
Event: 1255.746 Thread 0x00000212da3fe1d0 Uncommon trap: reason=profile_predicate action=maybe_recompile pc=0x0000021288686c74 method=java.util.TimSort.reverseRange([Ljava/lang/Object;II)V @ 5 c2
Event: 1255.746 Thread 0x00000212da3fe1d0 DEOPT PACKING pc=0x0000021288686c74 sp=0x0000007bf5bfd810
Event: 1255.746 Thread 0x00000212da3fe1d0 DEOPT UNPACKING pc=0x0000021287583aa2 sp=0x0000007bf5bfd6b0 mode 2

Classes loaded (20 events):
Event: 1045.528 Loading class java/nio/file/attribute/PosixFileAttributeView
Event: 1045.529 Loading class java/nio/file/attribute/PosixFileAttributeView done
Event: 1045.695 Loading class java/nio/file/DirectoryIteratorException
Event: 1045.697 Loading class java/nio/file/DirectoryIteratorException done
Event: 1045.792 Loading class java/util/zip/CheckedInputStream
Event: 1045.793 Loading class java/util/zip/CheckedInputStream done
Event: 1046.431 Loading class java/nio/file/FileTreeIterator
Event: 1046.434 Loading class java/nio/file/FileTreeIterator done
Event: 1046.755 Loading class java/nio/file/Files$2
Event: 1046.755 Loading class java/nio/file/Files$2 done
Event: 1046.822 Loading class java/util/concurrent/ArrayBlockingQueue
Event: 1046.824 Loading class java/util/concurrent/ArrayBlockingQueue done
Event: 1047.023 Loading class sun/nio/ch/ChannelOutputStream
Event: 1047.024 Loading class sun/nio/ch/ChannelOutputStream done
Event: 1049.922 Loading class java/nio/BufferMismatch
Event: 1049.925 Loading class java/nio/BufferMismatch done
Event: 1050.223 Loading class java/util/ImmutableCollections$SubList
Event: 1050.225 Loading class java/util/ImmutableCollections$SubList done
Event: 1059.189 Loading class sun/nio/fs/WindowsFileCopy
Event: 1059.197 Loading class sun/nio/fs/WindowsFileCopy done

Classes unloaded (7 events):
Event: 10.542 Thread 0x00000212f9a71b30 Unloading class 0x00000212941a4800 'java/lang/invoke/LambdaForm$MH+0x00000212941a4800'
Event: 10.542 Thread 0x00000212f9a71b30 Unloading class 0x00000212941a4400 'java/lang/invoke/LambdaForm$MH+0x00000212941a4400'
Event: 10.542 Thread 0x00000212f9a71b30 Unloading class 0x00000212941a4000 'java/lang/invoke/LambdaForm$MH+0x00000212941a4000'
Event: 10.542 Thread 0x00000212f9a71b30 Unloading class 0x00000212941a3c00 'java/lang/invoke/LambdaForm$MH+0x00000212941a3c00'
Event: 10.542 Thread 0x00000212f9a71b30 Unloading class 0x00000212941a3800 'java/lang/invoke/LambdaForm$BMH+0x00000212941a3800'
Event: 10.542 Thread 0x00000212f9a71b30 Unloading class 0x00000212941a3400 'java/lang/invoke/LambdaForm$DMH+0x00000212941a3400'
Event: 10.542 Thread 0x00000212f9a71b30 Unloading class 0x00000212941a2000 'java/lang/invoke/LambdaForm$DMH+0x00000212941a2000'

Classes redefined (0 events):
No events

Internal exceptions (20 events):
Event: 1045.274 Thread 0x00000212d86634e0 Implicit null exception at 0x00000212882021e2 to 0x0000021288202650
Event: 1046.839 Thread 0x00000212d92b8300 Implicit null exception at 0x00000212883f7b60 to 0x00000212883f80ec
Event: 1047.532 Thread 0x00000212d86606f0 Exception <a 'java/lang/NoSuchMethodError'{0x00000000d577e858}: 'java.lang.Object java.lang.invoke.DirectMethodHandle$Holder.newInvokeSpecial(java.lang.Object, java.lang.Object, int, java.lang.Object, java.lang.Object)'> (0x00000000d577e858) 
thrown [s\src\hotspot\share\interpreter\linkResolver.cpp, line 773]
Event: 1047.607 Thread 0x00000212d86606f0 Exception <a 'java/lang/NoSuchMethodError'{0x00000000d5797870}: 'java.lang.Object java.lang.invoke.DirectMethodHandle$Holder.invokeSpecial(java.lang.Object, java.lang.Object, java.lang.Object, int, java.lang.Object, java.lang.Object, java.lang.Object)'> (0x00000000d5797870) 
thrown [s\src\hotspot\share\interpreter\linkResolver.cpp, line 773]
Event: 1047.866 Thread 0x00000212d86606f0 Exception <a 'java/lang/NoSuchMethodError'{0x00000000d581e740}: 'void java.lang.invoke.DirectMethodHandle$Holder.invokeStatic(java.lang.Object, int)'> (0x00000000d581e740) 
thrown [s\src\hotspot\share\interpreter\linkResolver.cpp, line 773]
Event: 1048.552 Thread 0x00000212d86606f0 Exception <a 'java/io/FileNotFoundException'{0x00000000d56df578}> (0x00000000d56df578) 
thrown [s\src\hotspot\share\prims\jni.cpp, line 520]
Event: 1048.555 Thread 0x00000212d86606f0 Exception <a 'java/io/FileNotFoundException'{0x00000000d56e0848}> (0x00000000d56e0848) 
thrown [s\src\hotspot\share\prims\jni.cpp, line 520]
Event: 1048.557 Thread 0x00000212d86606f0 Exception <a 'java/io/FileNotFoundException'{0x00000000d56e1850}> (0x00000000d56e1850) 
thrown [s\src\hotspot\share\prims\jni.cpp, line 520]
Event: 1049.289 Thread 0x00000212d86606f0 Implicit null exception at 0x0000021287e0b988 to 0x0000021287e0c858
Event: 1058.950 Thread 0x00000212d92b6230 Implicit null exception at 0x00000212883f4a83 to 0x00000212883f4d9c
Event: 1059.199 Thread 0x00000212d86634e0 Exception <a 'sun/nio/fs/WindowsException'{0x00000000d5622ef8}> (0x00000000d5622ef8) 
thrown [s\src\hotspot\share\prims\jni.cpp, line 520]
Event: 1060.209 Thread 0x00000212d86634e0 Exception <a 'sun/nio/fs/WindowsException'{0x00000000d5642c68}> (0x00000000d5642c68) 
thrown [s\src\hotspot\share\prims\jni.cpp, line 520]
Event: 1061.098 Thread 0x00000212d86634e0 Implicit null exception at 0x00000212883972d5 to 0x000002128839746e
Event: 1074.379 Thread 0x00000212d86634e0 Exception <a 'sun/nio/fs/WindowsException'{0x00000000d558afe0}> (0x00000000d558afe0) 
thrown [s\src\hotspot\share\prims\jni.cpp, line 520]
Event: 1074.662 Thread 0x00000212d92b8300 Exception <a 'java/lang/NoSuchMethodError'{0x00000000d575a190}: 'java.lang.Object java.lang.invoke.DirectMethodHandle$Holder.newInvokeSpecial(java.lang.Object, java.lang.Object, java.lang.Object, java.lang.Object, int)'> (0x00000000d575a190) 
thrown [s\src\hotspot\share\interpreter\linkResolver.cpp, line 773]
Event: 1074.663 Thread 0x00000212d92b8300 Exception <a 'java/lang/NoSuchMethodError'{0x00000000d5766f98}: 'java.lang.Object java.lang.invoke.DirectMethodHandle$Holder.invokeSpecial(java.lang.Object, java.lang.Object, java.lang.Object, java.lang.Object, java.lang.Object, int)'> (0x00000000d5766f98) 
thrown [s\src\hotspot\share\interpreter\linkResolver.cpp, line 773]
Event: 1074.664 Thread 0x00000212d92b8300 Exception <a 'java/lang/NoSuchMethodError'{0x00000000d577c2f0}: 'java.lang.Object java.lang.invoke.Invokers$Holder.linkToTargetMethod(java.lang.Object, java.lang.Object, java.lang.Object, int, java.lang.Object)'> (0x00000000d577c2f0) 
thrown [s\src\hotspot\share\interpreter\linkResolver.cpp, line 773]
Event: 1075.122 Thread 0x00000212d86634e0 Exception <a 'sun/nio/fs/WindowsException'{0x00000000d5589088}> (0x00000000d5589088) 
thrown [s\src\hotspot\share\prims\jni.cpp, line 520]
Event: 1081.966 Thread 0x00000212d86634e0 Exception <a 'sun/nio/fs/WindowsException'{0x00000000d5874188}> (0x00000000d5874188) 
thrown [s\src\hotspot\share\prims\jni.cpp, line 520]
Event: 1082.878 Thread 0x00000212d86634e0 Exception <a 'sun/nio/fs/WindowsException'{0x00000000d57d0688}> (0x00000000d57d0688) 
thrown [s\src\hotspot\share\prims\jni.cpp, line 520]

ZGC Phase Switch (0 events):
No events

VM Operations (20 events):
Event: 1142.644 Executing safepoint VM operation: ParallelGCFailedAllocation (Allocation Failure)
Event: 1142.648 Executing safepoint VM operation: ParallelGCFailedAllocation (Allocation Failure) done
Event: 1142.717 Executing non-safepoint VM operation: HandshakeAllThreads (HandshakeForDeflation)
Event: 1142.717 Executing non-safepoint VM operation: HandshakeAllThreads (HandshakeForDeflation) done
Event: 1142.717 Executing non-safepoint VM operation: RendezvousGCThreads
Event: 1142.717 Executing non-safepoint VM operation: RendezvousGCThreads done
Event: 1202.962 Executing non-safepoint VM operation: HandshakeAllThreads (HandshakeForDeflation)
Event: 1202.962 Executing non-safepoint VM operation: HandshakeAllThreads (HandshakeForDeflation) done
Event: 1202.962 Executing non-safepoint VM operation: RendezvousGCThreads
Event: 1202.962 Executing non-safepoint VM operation: RendezvousGCThreads done
Event: 1209.983 Executing safepoint VM operation: Cleanup
Event: 1209.984 Executing safepoint VM operation: Cleanup done
Event: 1225.073 Executing safepoint VM operation: Cleanup
Event: 1225.073 Executing safepoint VM operation: Cleanup done
Event: 1254.239 Executing safepoint VM operation: Cleanup
Event: 1254.255 Executing safepoint VM operation: Cleanup done
Event: 1255.199 Executing safepoint VM operation: ParallelGCFailedAllocation (Allocation Failure)
Event: 1255.306 Executing safepoint VM operation: ParallelGCFailedAllocation (Allocation Failure) done
Event: 1255.642 Executing safepoint VM operation: ParallelGCFailedAllocation (Allocation Failure)
Event: 1255.658 Executing safepoint VM operation: ParallelGCFailedAllocation (Allocation Failure) done

Memory protections (0 events):
No events

Nmethod flushes (20 events):
Event: 35.824 Thread 0x00000212f9a71b30 flushing  nmethod 0x0000021280953b10
Event: 35.824 Thread 0x00000212f9a71b30 flushing  nmethod 0x0000021280978110
Event: 35.824 Thread 0x00000212f9a71b30 flushing  nmethod 0x000002128099b710
Event: 35.824 Thread 0x00000212f9a71b30 flushing  nmethod 0x000002128099c090
Event: 35.824 Thread 0x00000212f9a71b30 flushing  nmethod 0x000002128099c690
Event: 35.824 Thread 0x00000212f9a71b30 flushing  nmethod 0x000002128099fe10
Event: 35.824 Thread 0x00000212f9a71b30 flushing  nmethod 0x00000212809a0710
Event: 35.824 Thread 0x00000212f9a71b30 flushing  nmethod 0x00000212809a0e90
Event: 35.824 Thread 0x00000212f9a71b30 flushing  nmethod 0x00000212809a1810
Event: 35.824 Thread 0x00000212f9a71b30 flushing  nmethod 0x00000212809aac10
Event: 35.824 Thread 0x00000212f9a71b30 flushing  nmethod 0x00000212809b0f10
Event: 35.824 Thread 0x00000212f9a71b30 flushing  nmethod 0x00000212809cf910
Event: 35.824 Thread 0x00000212f9a71b30 flushing  nmethod 0x00000212809d2e10
Event: 35.824 Thread 0x00000212f9a71b30 flushing  nmethod 0x00000212809d7710
Event: 35.824 Thread 0x00000212f9a71b30 flushing  nmethod 0x00000212809daf10
Event: 35.824 Thread 0x00000212f9a71b30 flushing  nmethod 0x0000021280a37790
Event: 35.824 Thread 0x00000212f9a71b30 flushing  nmethod 0x0000021280a37e90
Event: 35.824 Thread 0x00000212f9a71b30 flushing  nmethod 0x0000021280a38810
Event: 35.824 Thread 0x00000212f9a71b30 flushing  nmethod 0x0000021280a38c90
Event: 35.824 Thread 0x00000212f9a71b30 flushing  nmethod 0x0000021280a3f810

Events (20 events):
Event: 1058.987 Thread 0x00000212d92b6230 Thread added: 0x00000212d92ba3d0
Event: 1066.684 Thread 0x00000212d9595100 Thread exited: 0x00000212d9595100
Event: 1067.381 Thread 0x00000212ff415b50 Thread exited: 0x00000212ff415b50
Event: 1074.242 Thread 0x00000212fd456b20 Thread added: 0x00000212d9595100
Event: 1074.440 Thread 0x00000212d92b6230 Thread added: 0x00000212d92b3ad0
Event: 1074.534 Thread 0x00000212d9595100 Thread exited: 0x00000212d9595100
Event: 1074.549 Thread 0x00000212fd456b20 Thread added: 0x00000212d9595100
Event: 1081.797 Thread 0x00000212d9595100 Thread exited: 0x00000212d9595100
Event: 1082.218 Thread 0x00000212fd456b20 Thread added: 0x00000212d8ce3340
Event: 1083.009 Thread 0x00000212d86606f0 Thread added: 0x00000212d92b4160
Event: 1083.129 Thread 0x00000212d8ce3340 Thread exited: 0x00000212d8ce3340
Event: 1083.187 Thread 0x00000212fd456b20 Thread added: 0x00000212d8ce3240
Event: 1085.151 Thread 0x00000212d8ce3240 Thread exited: 0x00000212d8ce3240
Event: 1085.169 Thread 0x00000212fd456b20 Thread added: 0x00000212d8ce3240
Event: 1085.393 Thread 0x00000212d8ce3240 Thread added: 0x00000212dae2b070
Event: 1090.640 Thread 0x00000212dae2b070 Thread exited: 0x00000212dae2b070
Event: 1095.520 Thread 0x00000212d8ce3240 Thread exited: 0x00000212d8ce3240
Event: 1142.239 Thread 0x00000212d92b8300 Thread exited: 0x00000212d92b8300
Event: 1145.217 Thread 0x00000212d92b4160 Thread exited: 0x00000212d92b4160
Event: 1145.219 Thread 0x00000212d86606f0 Thread exited: 0x00000212d86606f0


Dynamic libraries:
0x00007ff6e4000000 - 0x00007ff6e400e000 	c:\Users\sonaw\.antigravity\extensions\redhat.java-1.53.0-win32-x64\jre\21.0.10-win32-x86_64\bin\java.exe
0x00007ffefde70000 - 0x00007ffefe068000 	C:\Windows\SYSTEM32\ntdll.dll
0x00007ffefc810000 - 0x00007ffefc8d2000 	C:\Windows\System32\KERNEL32.DLL
0x00007ffefb6b0000 - 0x00007ffefb9a6000 	C:\Windows\System32\KERNELBASE.dll
0x00007ffefb5b0000 - 0x00007ffefb6b0000 	C:\Windows\System32\ucrtbase.dll
0x00007ffecea80000 - 0x00007ffecea9e000 	c:\Users\sonaw\.antigravity\extensions\redhat.java-1.53.0-win32-x64\jre\21.0.10-win32-x86_64\bin\VCRUNTIME140.dll
0x00007ffecea60000 - 0x00007ffecea78000 	c:\Users\sonaw\.antigravity\extensions\redhat.java-1.53.0-win32-x64\jre\21.0.10-win32-x86_64\bin\jli.dll
0x00007ffefda60000 - 0x00007ffefdc01000 	C:\Windows\System32\USER32.dll
0x00007ffefbc80000 - 0x00007ffefbca2000 	C:\Windows\System32\win32u.dll
0x00007ffefdcc0000 - 0x00007ffefdceb000 	C:\Windows\System32\GDI32.dll
0x00007ffefb9b0000 - 0x00007ffefbac9000 	C:\Windows\System32\gdi32full.dll
0x00007ffeee6b0000 - 0x00007ffeee94b000 	C:\Windows\WinSxS\amd64_microsoft.windows.common-controls_6595b64144ccf1df_6.0.19041.6456_none_60b8a6cb71f64256\COMCTL32.dll
0x00007ffefdcf0000 - 0x00007ffefdd8e000 	C:\Windows\System32\msvcrt.dll
0x00007ffefbdf0000 - 0x00007ffefbe8d000 	C:\Windows\System32\msvcp_win.dll
0x00007ffefc620000 - 0x00007ffefc64f000 	C:\Windows\System32\IMM32.DLL
0x00007ffee7120000 - 0x00007ffee712c000 	c:\Users\sonaw\.antigravity\extensions\redhat.java-1.53.0-win32-x64\jre\21.0.10-win32-x86_64\bin\vcruntime140_1.dll
0x00007ffea55e0000 - 0x00007ffea566d000 	c:\Users\sonaw\.antigravity\extensions\redhat.java-1.53.0-win32-x64\jre\21.0.10-win32-x86_64\bin\msvcp140.dll
0x00007ffe531e0000 - 0x00007ffe53f81000 	c:\Users\sonaw\.antigravity\extensions\redhat.java-1.53.0-win32-x64\jre\21.0.10-win32-x86_64\bin\server\jvm.dll
0x00007ffefc8e0000 - 0x00007ffefc991000 	C:\Windows\System32\ADVAPI32.dll
0x00007ffefdd90000 - 0x00007ffefde2f000 	C:\Windows\System32\sechost.dll
0x00007ffefcbc0000 - 0x00007ffefcce0000 	C:\Windows\System32\RPCRT4.dll
0x00007ffefbdc0000 - 0x00007ffefbde7000 	C:\Windows\System32\bcrypt.dll
0x00007ffefc300000 - 0x00007ffefc36b000 	C:\Windows\System32\WS2_32.dll
0x00007ffefb360000 - 0x00007ffefb3ab000 	C:\Windows\SYSTEM32\POWRPROF.dll
0x00007ffeeed00000 - 0x00007ffeeed27000 	C:\Windows\SYSTEM32\WINMM.dll
0x00007ffef5bf0000 - 0x00007ffef5bfa000 	C:\Windows\SYSTEM32\VERSION.dll
0x00007ffefb340000 - 0x00007ffefb352000 	C:\Windows\SYSTEM32\UMPDC.dll
0x00007ffef9d40000 - 0x00007ffef9d52000 	C:\Windows\SYSTEM32\kernel.appcore.dll
0x00007ffee6e10000 - 0x00007ffee6e1a000 	c:\Users\sonaw\.antigravity\extensions\redhat.java-1.53.0-win32-x64\jre\21.0.10-win32-x86_64\bin\jimage.dll
0x00007ffef9ae0000 - 0x00007ffef9ce1000 	C:\Windows\SYSTEM32\DBGHELP.DLL
0x00007ffeeb920000 - 0x00007ffeeb954000 	C:\Windows\SYSTEM32\dbgcore.DLL
0x00007ffefbd30000 - 0x00007ffefbdb2000 	C:\Windows\System32\bcryptPrimitives.dll
0x00007ffee0590000 - 0x00007ffee059f000 	c:\Users\sonaw\.antigravity\extensions\redhat.java-1.53.0-win32-x64\jre\21.0.10-win32-x86_64\bin\instrument.dll
0x00007ffece070000 - 0x00007ffece090000 	c:\Users\sonaw\.antigravity\extensions\redhat.java-1.53.0-win32-x64\jre\21.0.10-win32-x86_64\bin\java.dll
0x00007ffefce00000 - 0x00007ffefd570000 	C:\Windows\System32\SHELL32.dll
0x00007ffef9260000 - 0x00007ffef9a05000 	C:\Windows\SYSTEM32\windows.storage.dll
0x00007ffefd570000 - 0x00007ffefd8c4000 	C:\Windows\System32\combase.dll
0x00007ffefae50000 - 0x00007ffefae7b000 	C:\Windows\SYSTEM32\Wldp.dll
0x00007ffefc740000 - 0x00007ffefc80d000 	C:\Windows\System32\OLEAUT32.dll
0x00007ffefdc10000 - 0x00007ffefdcbd000 	C:\Windows\System32\SHCORE.dll
0x00007ffefc9a0000 - 0x00007ffefc9fb000 	C:\Windows\System32\shlwapi.dll
0x00007ffefb430000 - 0x00007ffefb454000 	C:\Windows\SYSTEM32\profapi.dll
0x00007ffecd750000 - 0x00007ffecd768000 	c:\Users\sonaw\.antigravity\extensions\redhat.java-1.53.0-win32-x64\jre\21.0.10-win32-x86_64\bin\zip.dll
0x00007ffedbae0000 - 0x00007ffedbaf0000 	C:\Users\sonaw\.antigravity\extensions\redhat.java-1.53.0-win32-x64\jre\21.0.10-win32-x86_64\bin\net.dll
0x00007ffef4200000 - 0x00007ffef430a000 	C:\Windows\SYSTEM32\WINHTTP.dll
0x00007ffefabb0000 - 0x00007ffefac1a000 	C:\Windows\system32\mswsock.dll
0x00007ffecced0000 - 0x00007ffeccee6000 	C:\Users\sonaw\.antigravity\extensions\redhat.java-1.53.0-win32-x64\jre\21.0.10-win32-x86_64\bin\nio.dll
0x00007ffed22b0000 - 0x00007ffed22c0000 	c:\Users\sonaw\.antigravity\extensions\redhat.java-1.53.0-win32-x64\jre\21.0.10-win32-x86_64\bin\verify.dll
0x00007ffeb0000000 - 0x00007ffeb0045000 	C:\Users\sonaw\AppData\Roaming\Antigravity\User\globalStorage\redhat.java\1.53.0\config_win\org.eclipse.equinox.launcher\org.eclipse.equinox.launcher.win32.win32.x86_64_1.3.0.v20260203-2149\eclipse_11919.dll
0x00007ffefc370000 - 0x00007ffefc49b000 	C:\Windows\System32\ole32.dll
0x00007ffefada0000 - 0x00007ffefadb8000 	C:\Windows\SYSTEM32\CRYPTSP.dll
0x00007ffefa4d0000 - 0x00007ffefa508000 	C:\Windows\system32\rsaenh.dll
0x00007ffefb3b0000 - 0x00007ffefb3de000 	C:\Windows\SYSTEM32\USERENV.dll
0x00007ffefadc0000 - 0x00007ffefadcc000 	C:\Windows\SYSTEM32\CRYPTBASE.dll
0x00007ffefa890000 - 0x00007ffefa8cb000 	C:\Windows\SYSTEM32\IPHLPAPI.DLL
0x00007ffefc4a0000 - 0x00007ffefc4a8000 	C:\Windows\System32\NSI.dll
0x00007ffeaa6c0000 - 0x00007ffeaa709000 	C:\Users\sonaw\AppData\Local\Temp\jna-109620552\jna11346096951958940887.dll
0x00007ffefc650000 - 0x00007ffefc658000 	C:\Windows\System32\PSAPI.DLL
0x00007ffef4700000 - 0x00007ffef4717000 	C:\Windows\SYSTEM32\dhcpcsvc6.DLL
0x00007ffef4b90000 - 0x00007ffef4bad000 	C:\Windows\SYSTEM32\dhcpcsvc.DLL

JVMTI agents:
c:\Users\sonaw\.antigravity\extensions\redhat.java-1.53.0-win32-x64\lombok\lombok-1.18.39-4050.jar path:c:\Users\sonaw\.antigravity\extensions\redhat.java-1.53.0-win32-x64\jre\21.0.10-win32-x86_64\bin\instrument.dll, loaded, initialized, instrumentlib options:none

dbghelp: loaded successfully - version: 4.0.5 - missing functions: none
symbol engine: initialized successfully - sym options: 0x614 - pdb path: .;c:\Users\sonaw\.antigravity\extensions\redhat.java-1.53.0-win32-x64\jre\21.0.10-win32-x86_64\bin;C:\Windows\SYSTEM32;C:\Windows\WinSxS\amd64_microsoft.windows.common-controls_6595b64144ccf1df_6.0.19041.6456_none_60b8a6cb71f64256;c:\Users\sonaw\.antigravity\extensions\redhat.java-1.53.0-win32-x64\jre\21.0.10-win32-x86_64\bin\server;C:\Users\sonaw\AppData\Roaming\Antigravity\User\globalStorage\redhat.java\1.53.0\config_win\org.eclipse.equinox.launcher\org.eclipse.equinox.launcher.win32.win32.x86_64_1.3.0.v20260203-2149;C:\Users\sonaw\AppData\Local\Temp\jna-109620552

VM Arguments:
jvm_args: --add-modules=ALL-SYSTEM --add-opens=java.base/java.util=ALL-UNNAMED --add-opens=java.base/java.lang=ALL-UNNAMED --add-opens=java.base/sun.nio.fs=ALL-UNNAMED -Declipse.application=org.eclipse.jdt.ls.core.id1 -Dosgi.bundles.defaultStartLevel=4 -Declipse.product=org.eclipse.jdt.ls.core.product -Djava.import.generatesMetadataFilesAtProjectRoot=false -DDetectVMInstallationsJob.disabled=true -Dfile.encoding=utf8 -XX:+UseParallelGC -XX:GCTimeRatio=4 -XX:AdaptiveSizePolicyWeight=90 -Dsun.zip.disableMemoryMapping=true -Xmx2G -Xms100m -Xlog:disable -javaagent:c:\Users\sonaw\.antigravity\extensions\redhat.java-1.53.0-win32-x64\lombok\lombok-1.18.39-4050.jar -XX:+HeapDumpOnOutOfMemoryError -XX:HeapDumpPath=c:\Users\sonaw\AppData\Roaming\Antigravity\User\workspaceStorage\04b48e0f9b0fc6b1b8dc2fa5b04af4e3\redhat.java -Daether.dependencyCollector.impl=bf 
java_command: c:\Users\sonaw\.antigravity\extensions\redhat.java-1.53.0-win32-x64\server\plugins\org.eclipse.equinox.launcher_1.7.100.v20251111-0406.jar -configuration c:\Users\sonaw\AppData\Roaming\Antigravity\User\globalStorage\redhat.java\1.53.0\config_win -data c:\Users\sonaw\AppData\Roaming\Antigravity\User\workspaceStorage\04b48e0f9b0fc6b1b8dc2fa5b04af4e3\redhat.java\jdt_ws --pipe=\\.\pipe\lsp-3f59d2f18d9f8113dc8af5ae55562961-sock
java_class_path (initial): c:\Users\sonaw\.antigravity\extensions\redhat.java-1.53.0-win32-x64\server\plugins\org.eclipse.equinox.launcher_1.7.100.v20251111-0406.jar
Launcher Type: SUN_STANDARD

[Global flags]
    uintx AdaptiveSizePolicyWeight                 = 90                                        {product} {command line}
     intx CICompilerCount                          = 4                                         {product} {ergonomic}
    uintx GCTimeRatio                              = 4                                         {product} {command line}
     bool HeapDumpOnOutOfMemoryError               = true                                   {manageable} {command line}
    ccstr HeapDumpPath                             = c:\Users\sonaw\AppData\Roaming\Antigravity\User\workspaceStorage\04b48e0f9b0fc6b1b8dc2fa5b04af4e3\redhat.java         {manageable} {command line}
   size_t InitialHeapSize                          = 104857600                                 {product} {command line}
   size_t MaxHeapSize                              = 2147483648                                {product} {command line}
   size_t MaxNewSize                               = 715653120                                 {product} {ergonomic}
   size_t MinHeapDeltaBytes                        = 524288                                    {product} {ergonomic}
   size_t MinHeapSize                              = 104857600                                 {product} {command line}
   size_t NewSize                                  = 34603008                                  {product} {ergonomic}
    uintx NonNMethodCodeHeapSize                   = 5839372                                {pd product} {ergonomic}
    uintx NonProfiledCodeHeapSize                  = 122909434                              {pd product} {ergonomic}
   size_t OldSize                                  = 70254592                                  {product} {ergonomic}
    uintx ProfiledCodeHeapSize                     = 122909434                              {pd product} {ergonomic}
    uintx ReservedCodeCacheSize                    = 251658240                              {pd product} {ergonomic}
     bool SegmentedCodeCache                       = true                                      {product} {ergonomic}
   size_t SoftMaxHeapSize                          = 2147483648                             {manageable} {ergonomic}
     bool UseCompressedOops                        = true                           {product lp64_product} {ergonomic}
     bool UseLargePagesIndividualAllocation        = false                                  {pd product} {ergonomic}
     bool UseParallelGC                            = true                                      {product} {command line}

Logging:
Log output configuration:
 #0: stdout all=off uptime,level,tags foldmultilines=false
 #1: stderr all=off uptime,level,tags foldmultilines=false

Release file:
JAVA_VERSION="21.0.10" 
MODULES="java.base java.compiler java.datatransfer java.xml java.prefs java.desktop java.instrument java.logging java.management java.security.sasl java.naming java.rmi java.management.rmi java.net.http java.scripting java.security.jgss java.transaction.xa java.sql java.sql.rowset java.xml.crypto java.se java.smartcardio jdk.accessibility jdk.internal.jvmstat jdk.attach jdk.charsets jdk.internal.opt jdk.zipfs jdk.compiler jdk.crypto.ec jdk.crypto.cryptoki jdk.crypto.mscapi jdk.dynalink jdk.internal.ed jdk.editpad jdk.hotspot.agent jdk.httpserver jdk.internal.le jdk.internal.vm.ci jdk.internal.vm.compiler jdk.internal.vm.compiler.management jdk.jartool jdk.javadoc jdk.jcmd jdk.management jdk.management.agent jdk.jconsole jdk.jdeps jdk.jdwp.agent jdk.jdi jdk.jfr jdk.jshell jdk.jsobject jdk.jstatd jdk.localedata jdk.management.jfr jdk.naming.dns jdk.naming.rmi jdk.net jdk.nio.mapmode jdk.random jdk.sctp jdk.security.auth jdk.security.jgss jdk.unsupported jdk.unsupported.desktop jdk.xml.dom" 

Environment Variables:
JAVA_HOME=C:\Program Files\Java\jdk-23
PATH=C:\Users\sonaw\AppData\Local\Microsoft\WindowsApps;C:\Program Files\Java\jdk-23\bin;D:\Microsoft VS Code\bin;C:\Users\sonaw\AppData\Roaming\npm;C:\Program Files\nodejs;C:\Users\sonaw\AppData\Local\Programs\mongosh\;C:\Users\sonaw\Downloads\scala3-3.5.2-x86_64-pc-win32\scala3-3.5.2-x86_64-pc-win32\bin;C:\Program Files\Git\cmd;C:\Users\sonaw\AppData\Roaming\Microsoft\Windows\Start Menu\Programs\Python 3.13;C:\Windows\System32;D:\Downloads;C:\flutter\bin;C:\Windows\System32\WindowsPowerShell\v1.0\;C:\Users\sonaw\AppData\Local\Programs\Python\Python313;D:\ffmpeg-7.1.1-essentials_build\bin;D:\flutter\bin;D:\;C:\Program Files\PostgreSQL\17\bin;C:\Program Files\Maven\apache-maven-3.9.9\bin;C:\Program Files\Microsoft SQL Server\170\Tools\Binn\;C:\Program Files\Microsoft SQL Server\150\Tools\Binn\;C:\Program Files\Microsoft SQL Server\Client SDK\ODBC\170\Tools\Binn\;C:\Program Files\dotnet\;C:\Users\sonaw\AppData\Local\Programs\Python\Python311\Scripts\;C:\Users\sonaw\AppData\Local\Programs\Python\Python311\;C:\Users\sonaw\AppData\Local\Programs\Python\Launcher\;C:\Users\sonaw\AppData\Local\Microsoft\WindowsApps;C:\Program Files\Java\jdk-23\bin;D:\Microsoft VS Code\bin;C:\Program Files\nodejs;C:\Users\sonaw\Downloads\scala3-3.5.2-x86_64-pc-win32\scala3-3.5.2-x86_64-pc-win32\bin;C:\Users\sonaw\AppData\Roaming\Microsoft\Windows\Start Menu\Programs\Python 3.13;D:\Downloads\IntelliJ IDEA Community Edition 2024.3.2\bin;;C:\Users\sonaw\AppData\Local\GitHubDesktop\bin;C:\Users\sonaw\AppData\Roaming\npm;D:\node_modules\npm\bin;C:\Users\sonaw\.dotnet\tools;D:\Antigravity\bin
USERNAME=sonaw
OS=Windows_NT
PROCESSOR_IDENTIFIER=Intel64 Family 6 Model 142 Stepping 11, GenuineIntel
TMP=C:\Users\sonaw\AppData\Local\Temp
TEMP=C:\Users\sonaw\AppData\Local\Temp




Periodic native trim disabled

---------------  S Y S T E M  ---------------

OS:
 Windows 10 , 64 bit Build 19041 (10.0.19041.5915)
OS uptime: 0 days 0:54 hours

CPU: total 8 (initial active 8) (4 cores per cpu, 2 threads per core) family 6 model 142 stepping 11 microcode 0xf6, cx8, cmov, fxsr, ht, mmx, 3dnowpref, sse, sse2, sse3, ssse3, sse4.1, sse4.2, popcnt, lzcnt, tsc, tscinvbit, avx, avx2, aes, erms, clmul, bmi1, bmi2, adx, fma, vzeroupper, clflush, clflushopt, rdtscp, f16c
Processor Information for processor 0
  Max Mhz: 1800, Current Mhz: 1600, Mhz Limit: 1584
Processor Information for processor 1
  Max Mhz: 1800, Current Mhz: 1600, Mhz Limit: 1584
Processor Information for processor 2
  Max Mhz: 1800, Current Mhz: 1600, Mhz Limit: 1584
Processor Information for processor 3
  Max Mhz: 1800, Current Mhz: 1400, Mhz Limit: 1584
Processor Information for processor 4
  Max Mhz: 1800, Current Mhz: 1600, Mhz Limit: 1584
Processor Information for processor 5
  Max Mhz: 1800, Current Mhz: 1600, Mhz Limit: 1584
Processor Information for processor 6
  Max Mhz: 1800, Current Mhz: 1600, Mhz Limit: 1584
Processor Information for processor 7
  Max Mhz: 1800, Current Mhz: 1600, Mhz Limit: 1584

Memory: 4k page, system-wide physical 8067M (41M free)
TotalPageFile size 20488M (AvailPageFile size 2M)
current process WorkingSet (physical memory assigned to process): 126M, peak: 496M
current process commit charge ("private bytes"): 739M, peak: 1703M

vm_info: OpenJDK 64-Bit Server VM (21.0.10+7-LTS) for windows-amd64 JRE (21.0.10+7-LTS), built on 2026-01-20T00:00:00Z by "admin" with MS VC++ 17.12 (VS2022)

END.
