#
# There is insufficient memory for the Java Runtime Environment to continue.
# Native memory allocation (mmap) failed to map 65536 bytes. Error detail: Failed to commit metaspace.
# Possible reasons:
#   The system is out of physical RAM or swap space
#   This process is running with CompressedOops enabled, and the Java Heap may be blocking the growth of the native heap
# Possible solutions:
#   Reduce memory load on the system
#   Increase physical memory or swap space
#   Check if swap backing store is full
#   Decrease Java heap size (-Xmx/-Xms)
#   Decrease number of Java threads
#   Decrease Java thread stack sizes (-Xss)
#   Set larger code cache with -XX:ReservedCodeCacheSize=
#   JVM is running with Unscaled Compressed Oops mode in which the Java heap is
#     placed in the first 4GB address space. The Java Heap base address is the
#     maximum limit for the native heap growth. Please use -XX:HeapBaseMinAddress
#     to set the Java Heap base and to place the Java Heap above 4GB virtual address.
# This output file may be truncated or incomplete.
#
#  Out of Memory Error (virtualSpaceNode.cpp:113), pid=25616, tid=26360
#
# JRE version: OpenJDK Runtime Environment Temurin-21.0.10+7 (21.0.10+7) (build 21.0.10+7-LTS)
# Java VM: OpenJDK 64-Bit Server VM Temurin-21.0.10+7 (21.0.10+7-LTS, mixed mode, sharing, tiered, compressed oops, compressed class ptrs, parallel gc, windows-amd64)
# No core dump will be written. Minidumps are not enabled by default on client versions of Windows
#

---------------  S U M M A R Y ------------

Command Line: --add-modules=ALL-SYSTEM --add-opens=java.base/java.util=ALL-UNNAMED --add-opens=java.base/java.lang=ALL-UNNAMED --add-opens=java.base/sun.nio.fs=ALL-UNNAMED -Declipse.application=org.eclipse.jdt.ls.core.id1 -Dosgi.bundles.defaultStartLevel=4 -Declipse.product=org.eclipse.jdt.ls.core.product -Djava.import.generatesMetadataFilesAtProjectRoot=false -DDetectVMInstallationsJob.disabled=true -Dfile.encoding=utf8 -XX:+UseParallelGC -XX:GCTimeRatio=4 -XX:AdaptiveSizePolicyWeight=90 -Dsun.zip.disableMemoryMapping=true -Xmx2G -Xms100m -Xlog:disable -javaagent:c:\Users\sonaw\.antigravity\extensions\redhat.java-1.53.0-win32-x64\lombok\lombok-1.18.39-4050.jar c:\Users\sonaw\.antigravity\extensions\redhat.java-1.53.0-win32-x64\server\plugins\org.eclipse.equinox.launcher_1.7.100.v20251111-0406.jar -configuration c:\Users\sonaw\AppData\Roaming\Antigravity\User\globalStorage\redhat.java\1.53.0\config_ss_win -data c:\Users\sonaw\AppData\Roaming\Antigravity\User\workspaceStorage\04b48e0f9b0fc6b1b8dc2fa5b04af4e3\redhat.java\ss_ws --pipe=\\.\pipe\lsp-1f88ee0ef5c819300d7a7ebc482c3341-sock

Host: Intel(R) Core(TM) i5-8265U CPU @ 1.60GHz, 8 cores, 7G,  Windows 10 , 64 bit Build 19041 (10.0.19041.5915)
Time: Sat Apr 11 13:50:04 2026 India Standard Time elapsed time: 5.465646 seconds (0d 0h 0m 5s)

---------------  T H R E A D  ---------------

Current thread (0x000002090ab22cd0):  JavaThread "main"             [_thread_in_vm, id=26360, stack(0x0000002b2ca00000,0x0000002b2cb00000) (1024K)]

Stack: [0x0000002b2ca00000,0x0000002b2cb00000]
Native frames: (J=compiled Java code, j=interpreted, Vv=VM code, C=native code)
V  [jvm.dll+0x6d7a39]
V  [jvm.dll+0x8b4b26]
V  [jvm.dll+0x8b70de]
V  [jvm.dll+0x8b77c3]
V  [jvm.dll+0x284346]
V  [jvm.dll+0x8b086e]
V  [jvm.dll+0x679444]
V  [jvm.dll+0x1e82bb]
V  [jvm.dll+0x1e807e]
V  [jvm.dll+0x67bd42]
V  [jvm.dll+0x67bb72]
V  [jvm.dll+0x679e1e]
V  [jvm.dll+0x26f5c6]
V  [jvm.dll+0x219f3f]
V  [jvm.dll+0x20f62e]
V  [jvm.dll+0x5b644f]
V  [jvm.dll+0x82ec4d]
V  [jvm.dll+0x47952e]
V  [jvm.dll+0x48c8a6]
C  [java.dll+0x1657]

Java frames: (J=compiled Java code, j=interpreted, Vv=VM code)
J 915  java.lang.ClassLoader.defineClass0(Ljava/lang/ClassLoader;Ljava/lang/Class;Ljava/lang/String;[BIILjava/security/ProtectionDomain;ZILjava/lang/Object;)Ljava/lang/Class; java.base@21.0.10 (0 bytes) @ 0x0000020915862c3c [0x0000020915862b40+0x00000000000000fc]
j  java.lang.System$2.defineClass(Ljava/lang/ClassLoader;Ljava/lang/Class;Ljava/lang/String;[BLjava/security/ProtectionDomain;ZILjava/lang/Object;)Ljava/lang/Class;+17 java.base@21.0.10
j  java.lang.invoke.MethodHandles$Lookup$ClassDefiner.defineClass(ZLjava/lang/Object;)Ljava/lang/Class;+57 java.base@21.0.10
j  java.lang.invoke.InvokerBytecodeGenerator.loadMethod([B)Ljava/lang/invoke/MemberName;+22 java.base@21.0.10
j  java.lang.invoke.InvokerBytecodeGenerator.generateCustomizedCode(Ljava/lang/invoke/LambdaForm;Ljava/lang/invoke/MethodType;)Ljava/lang/invoke/MemberName;+30 java.base@21.0.10
j  java.lang.invoke.LambdaForm.compileToBytecode()V+69 java.base@21.0.10
J 617 c1 java.lang.invoke.LambdaForm.prepare()V java.base@21.0.10 (108 bytes) @ 0x000002090de1057c [0x000002090de103e0+0x000000000000019c]
J 616 c1 java.lang.invoke.MethodHandle.<init>(Ljava/lang/invoke/MethodType;Ljava/lang/invoke/LambdaForm;)V java.base@21.0.10 (37 bytes) @ 0x000002090de0fc44 [0x000002090de0fa20+0x0000000000000224]
J 1020 c1 java.lang.invoke.BoundMethodHandle.<init>(Ljava/lang/invoke/MethodType;Ljava/lang/invoke/LambdaForm;)V java.base@21.0.10 (32 bytes) @ 0x000002090dec6954 [0x000002090dec68c0+0x0000000000000094]
j  java.lang.invoke.BoundMethodHandle$Species_L.<init>(Ljava/lang/invoke/MethodType;Ljava/lang/invoke/LambdaForm;Ljava/lang/Object;)V+3 java.base@21.0.10
j  java.lang.invoke.BoundMethodHandle$Species_L.copyWith(Ljava/lang/invoke/MethodType;Ljava/lang/invoke/LambdaForm;)Ljava/lang/invoke/BoundMethodHandle;+10 java.base@21.0.10
j  java.lang.invoke.MethodHandles.dropArgumentsTrusted(Ljava/lang/invoke/MethodHandle;I[Ljava/lang/Class;)Ljava/lang/invoke/MethodHandle;+103 java.base@21.0.10
j  java.lang.invoke.MethodHandles.dropArguments(Ljava/lang/invoke/MethodHandle;I[Ljava/lang/Class;)Ljava/lang/invoke/MethodHandle;+9 java.base@21.0.10
j  jdk.internal.reflect.MethodHandleAccessorFactory.makeSpecializedTarget(Ljava/lang/invoke/MethodHandle;ZZ)Ljava/lang/invoke/MethodHandle;+86 java.base@21.0.10
j  jdk.internal.reflect.MethodHandleAccessorFactory.getDirectMethod(Ljava/lang/reflect/Method;Z)Ljava/lang/invoke/MethodHandle;+79 java.base@21.0.10
j  jdk.internal.reflect.MethodHandleAccessorFactory.newMethodAccessor(Ljava/lang/reflect/Method;Z)Ljdk/internal/reflect/MethodAccessorImpl;+41 java.base@21.0.10
j  jdk.internal.reflect.ReflectionFactory.newMethodAccessor(Ljava/lang/reflect/Method;Z)Ljdk/internal/reflect/MethodAccessor;+28 java.base@21.0.10
j  java.lang.reflect.Method.acquireMethodAccessor()Ljdk/internal/reflect/MethodAccessor;+38 java.base@21.0.10
J 1471 c1 java.lang.reflect.Method.invoke(Ljava/lang/Object;[Ljava/lang/Object;)Ljava/lang/Object; java.base@21.0.10 (108 bytes) @ 0x000002090dfad974 [0x000002090dfad640+0x0000000000000334]
j  org.eclipse.equinox.plurl.impl.StackWalkerCallStack.<clinit>()V+58
v  ~StubRoutines::call_stub 0x000002091526100d
j  org.eclipse.equinox.plurl.impl.PlurlImpl.createCallStack()Lorg/eclipse/equinox/plurl/impl/CallStack;+7
j  org.eclipse.equinox.plurl.impl.PlurlImpl.<init>()V+128
j  org.eclipse.osgi.internal.framework.SystemBundleActivator.start(Lorg/osgi/framework/BundleContext;)V+57
j  org.eclipse.osgi.internal.framework.BundleContextImpl$2.run()Ljava/lang/Void;+23
j  org.eclipse.osgi.internal.framework.BundleContextImpl$2.run()Ljava/lang/Object;+1
J 1150 c1 java.security.AccessController.executePrivileged(Ljava/security/PrivilegedExceptionAction;Ljava/security/AccessControlContext;Ljava/lang/Class;)Ljava/lang/Object; java.base@21.0.10 (65 bytes) @ 0x000002090df023c4 [0x000002090df02260+0x0000000000000164]
j  java.security.AccessController.doPrivileged(Ljava/security/PrivilegedExceptionAction;)Ljava/lang/Object;+9 java.base@21.0.10
j  org.eclipse.osgi.internal.framework.BundleContextImpl.startActivator(Lorg/osgi/framework/BundleActivator;)V+9
j  org.eclipse.osgi.internal.framework.BundleContextImpl.start()V+141
j  org.eclipse.osgi.internal.framework.EquinoxBundle.startWorker0()V+35
j  org.eclipse.osgi.internal.framework.EquinoxBundle$SystemBundle$EquinoxSystemModule.initWorker()V+60
j  org.eclipse.osgi.container.SystemModule.init()V+333
j  org.eclipse.osgi.internal.framework.EquinoxBundle$SystemBundle.init([Lorg/osgi/framework/FrameworkListener;)V+83
j  org.eclipse.osgi.internal.framework.EquinoxBundle$SystemBundle.init()V+2
j  org.eclipse.osgi.launch.Equinox.init()V+4
j  org.eclipse.core.runtime.adaptor.EclipseStarter.startup([Ljava/lang/String;Ljava/lang/Runnable;)Lorg/osgi/framework/BundleContext;+37
j  org.eclipse.core.runtime.adaptor.EclipseStarter.run([Ljava/lang/String;Ljava/lang/Runnable;)Ljava/lang/Object;+21
J 910 c1 java.lang.invoke.DirectMethodHandle$Holder.invokeStatic(Ljava/lang/Object;Ljava/lang/Object;Ljava/lang/Object;)Ljava/lang/Object; java.base@21.0.10 (15 bytes) @ 0x000002090de8dd54 [0x000002090de8d960+0x00000000000003f4]
j  java.lang.invoke.LambdaForm$MH+0x000002092308a800.invoke(Ljava/lang/Object;Ljava/lang/Object;Ljava/lang/Object;Ljava/lang/Object;)Ljava/lang/Object;+54 java.base@21.0.10
j  java.lang.invoke.LambdaForm$MH+0x0000020923002c00.invokeExact_MT(Ljava/lang/Object;Ljava/lang/Object;Ljava/lang/Object;Ljava/lang/Object;Ljava/lang/Object;)Ljava/lang/Object;+22 java.base@21.0.10
j  jdk.internal.reflect.DirectMethodHandleAccessor.invokeImpl(Ljava/lang/Object;[Ljava/lang/Object;)Ljava/lang/Object;+72 java.base@21.0.10
j  jdk.internal.reflect.DirectMethodHandleAccessor.invoke(Ljava/lang/Object;[Ljava/lang/Object;)Ljava/lang/Object;+23 java.base@21.0.10
j  java.lang.reflect.Method.invoke(Ljava/lang/Object;[Ljava/lang/Object;)Ljava/lang/Object;+102 java.base@21.0.10
j  org.eclipse.equinox.launcher.Main.invokeFramework([Ljava/lang/String;[Ljava/net/URL;)V+155
j  org.eclipse.equinox.launcher.Main.basicRun([Ljava/lang/String;)V+191
j  org.eclipse.equinox.launcher.Main.run([Ljava/lang/String;)I+4
j  org.eclipse.equinox.launcher.Main.main([Ljava/lang/String;)V+10
v  ~StubRoutines::call_stub 0x000002091526100d

Compiled method (n/a) 5559  915     n 0       java.lang.ClassLoader::defineClass0 (native)
 total in heap  [0x0000020915862990,0x0000020915862e48] = 1208
 relocation     [0x0000020915862af0,0x0000020915862b28] = 56
 main code      [0x0000020915862b40,0x0000020915862e41] = 769
 stub code      [0x0000020915862e41,0x0000020915862e48] = 7

[Constant Pool (empty)]

[MachCode]
[Entry Point]
  # {method} {0x0000020922434930} 'defineClass0' '(Ljava/lang/ClassLoader;Ljava/lang/Class;Ljava/lang/String;[BIILjava/security/ProtectionDomain;ZILjava/lang/Object;)Ljava/lang/Class;' in 'java/lang/ClassLoader'
  # parm0:    rdx:rdx   = 'java/lang/ClassLoader'
  # parm1:    r8:r8     = 'java/lang/Class'
  # parm2:    r9:r9     = 'java/lang/String'
  # parm3:    rdi:rdi   = '[B'
  # parm4:    rsi       = int
  # parm5:    rcx       = int
  # parm6:    [sp+0xb0]   = 'java/security/ProtectionDomain'  (sp of caller)
  # parm7:    [sp+0xb8]   = boolean
  # parm8:    [sp+0xc0]   = int
  # parm9:    [sp+0xc8]   = 'java/lang/Object'
  0x0000020915862b40: 448b 5208 | 49bb 0000 | 0022 0902 | 0000 4d03 | d349 3bc2 | 0f84 0600 

  0x0000020915862b58: ;   {runtime_call ic_miss_stub}
  0x0000020915862b58: 0000 e921 | b9a4 ff90 
[Verified Entry Point]
  0x0000020915862b60: 8984 2400 | 80ff ff55 | 488b ec48 | 81ec a000 | 0000 6690 | 4181 7f20 | 0100 0000 

  0x0000020915862b7c: ;   {runtime_call StubRoutines (final stubs)}
  0x0000020915862b7c: 7405 e85d | 5ea3 ff48 | 837d 2800 | 488d 4528 | 480f 4445 | 2848 8944 | 2458 4863 | 4520 4889 
  0x0000020915862b9c: 4424 5048 | 6345 1848 | 8944 2448 | 4883 7d10 | 0048 8d45 | 1048 0f44 | 4510 4889 | 4424 4048 
  0x0000020915862bbc: 894c 2438 | 4889 7424 | 3048 897c | 2478 4883 | ff00 488d | 4424 7848 | 0f44 4424 | 7848 8944 
  0x0000020915862bdc: 2428 4c89 | 4c24 7049 | 83f9 0048 | 8d44 2470 | 480f 4444 | 2470 4889 | 4424 204c | 8944 2468 
  0x0000020915862bfc: 4983 f800 | 4c8d 4c24 | 684c 0f44 | 4c24 6848 | 8954 2460 | 4883 fa00 | 4c8d 4424 | 604c 0f44 
  0x0000020915862c1c: ;   {oop(a 'java/lang/Class'{0x00000000d6ecbfe8} = 'java/lang/ClassLoader')}
  0x0000020915862c1c: 4424 6049 | bee8 bfec | d600 0000 | 004c 89b4 | 2490 0000 | 004c 8db4 | 2490 0000 | 0049 8bd6 
  0x0000020915862c3c: ;   {internal_word}
  0x0000020915862c3c: c5f8 7749 | ba3c 2c86 | 1509 0200 | 004d 8997 | a803 0000 | 4989 a7a0 

  0x0000020915862c54: ;   {external_word}
  0x0000020915862c54: 0300 0049 | bac6 5c26 | eefc 7f00 | 0041 803a | 000f 844e | 0000 0052 | 4150 4151 

  0x0000020915862c70: ;   {metadata({method} {0x0000020922434930} 'defineClass0' '(Ljava/lang/ClassLoader;Ljava/lang/Class;Ljava/lang/String;[BIILjava/security/ProtectionDomain;ZILjava/lang/Object;)Ljava/lang/Class;' in 'java/lang/ClassLoader')}
  0x0000020915862c70: 48ba 2849 | 4322 0902 | 0000 498b | cf48 83ec | 2040 f6c4 | 0f0f 8419 | 0000 0048 

  0x0000020915862c8c: ;   {runtime_call}
  0x0000020915862c8c: 83ec 0848 | b850 e1cf | edfc 7f00 | 00ff d048 | 83c4 08e9 | 0c00 0000 

  0x0000020915862ca4: ;   {runtime_call}
  0x0000020915862ca4: 48b8 50e1 | cfed fc7f | 0000 ffd0 | 4883 c420 | 4159 4158 | 5a49 8d8f | c003 0000 | 41c7 874c 
  0x0000020915862cc4: 0400 0004 

  0x0000020915862cc8: ;   {runtime_call}
  0x0000020915862cc8: 0000 0048 | b81c 15b6 | 68fd 7f00 | 00ff d0c5 | f877 41c7 | 874c 0400 | 0005 0000 | 00f0 8344 
  0x0000020915862ce8: 24c0 0049 | 3baf 5004 | 0000 0f87 | 0e00 0000 | 4183 bf48 | 0400 0000 | 0f84 2b00 | 0000 c5f8 
  0x0000020915862d08: 7748 8945 | f849 8bcf | 4c8b e448 | 83ec 2048 

  0x0000020915862d18: ;   {runtime_call}
  0x0000020915862d18: 83e4 f048 | b8d0 529b | edfc 7f00 | 00ff d049 | 8be4 4d33 | e448 8b45 | f841 c787 | 4c04 0000 
  0x0000020915862d38: 0800 0000 | 4183 bfc8 | 0400 0002 | 0f84 ca00 

  0x0000020915862d48: ;   {external_word}
  0x0000020915862d48: 0000 49ba | c65c 26ee | fc7f 0000 | 4180 3a00 | 0f84 4c00 | 0000 4889 

  0x0000020915862d60: ;   {metadata({method} {0x0000020922434930} 'defineClass0' '(Ljava/lang/ClassLoader;Ljava/lang/Class;Ljava/lang/String;[BIILjava/security/ProtectionDomain;ZILjava/lang/Object;)Ljava/lang/Class;' in 'java/lang/ClassLoader')}
  0x0000020915862d60: 45f8 48ba | 2849 4322 | 0902 0000 | 498b cf48 | 83ec 2040 | f6c4 0f0f | 8419 0000 | 0048 83ec 
  0x0000020915862d80: ;   {runtime_call}
  0x0000020915862d80: 0848 b850 | e1cf edfc | 7f00 00ff | d048 83c4 | 08e9 0c00 

  0x0000020915862d94: ;   {runtime_call}
  0x0000020915862d94: 0000 48b8 | 50e1 cfed | fc7f 0000 | ffd0 4883 | c420 488b | 45f8 49c7 | 87a0 0300 | 0000 0000 
  0x0000020915862db4: 0049 c787 | a803 0000 | 0000 0000 | c5f8 7748 | 85c0 0f84 | 2500 0000 | a803 0f85 | 0800 0000 
  0x0000020915862dd4: 488b 00e9 | 1500 0000 | a801 0f85 | 0900 0000 | 488b 40fe | e904 0000 | 0048 8b40 | ff49 8b8f 
  0x0000020915862df4: 3004 0000 | c781 0001 | 0000 0000 | 0000 c949 | 837f 0800 | 0f85 0100 

  0x0000020915862e0c: ;   {runtime_call StubRoutines (initial stubs)}
  0x0000020915862e0c: 0000 c3e9 | ece0 9fff | c5f8 7748 | 8945 f84c | 8be4 4883 | ec20 4883 

  0x0000020915862e24: ;   {runtime_call}
  0x0000020915862e24: e4f0 48b8 | a018 d0ed | fc7f 0000 | ffd0 498b | e44d 33e4 | 488b 45f8 | e909 ffff | fff4 f4f4 
  0x0000020915862e44: f4f4 f4f4 
[/MachCode]


Compiled method (c1) 5568  617       3       java.lang.invoke.LambdaForm::prepare (108 bytes)
 total in heap  [0x000002090de10190,0x000002090de10dc0] = 3120
 relocation     [0x000002090de102f0,0x000002090de103d0] = 224
 main code      [0x000002090de103e0,0x000002090de10a90] = 1712
 stub code      [0x000002090de10a90,0x000002090de10b28] = 152
 metadata       [0x000002090de10b28,0x000002090de10b70] = 72
 scopes data    [0x000002090de10b70,0x000002090de10c28] = 184
 scopes pcs     [0x000002090de10c28,0x000002090de10d68] = 320
 dependencies   [0x000002090de10d68,0x000002090de10d80] = 24
 nul chk table  [0x000002090de10d80,0x000002090de10dc0] = 64

[Constant Pool (empty)]

[MachCode]
[Entry Point]
  # {method} {0x000002092208e998} 'prepare' '()V' in 'java/lang/invoke/LambdaForm'
  #           [sp+0x70]  (sp of caller)
  0x000002090de103e0: 448b 5208 | 49bb 0000 | 0022 0902 | 0000 4d03 | d34c 3bd0 

  0x000002090de103f4: ;   {runtime_call ic_miss_stub}
  0x000002090de103f4: 0f85 86e0 | 4907 660f | 1f44 0000 
[Verified Entry Point]
  0x000002090de10400: 8984 2400 | 80ff ff55 | 4883 ec60 | 4181 7f20 | 0100 0000 

  0x000002090de10414: ;   {runtime_call StubRoutines (final stubs)}
  0x000002090de10414: 7405 e8c5 | 8548 0748 | 8954 2438 

  0x000002090de10420: ;   {metadata(method data for {method} {0x000002092208e998} 'prepare' '()V' in 'java/lang/invoke/LambdaForm')}
  0x000002090de10420: 48be 0851 | 1664 0902 | 0000 8bbe | cc00 0000 | 83c7 0289 | becc 0000 | 0081 e7fe | 0700 0085 
  0x000002090de10440: ff0f 8452 

  0x000002090de10444: ;   {metadata(method data for {method} {0x000002092208e998} 'prepare' '()V' in 'java/lang/invoke/LambdaForm')}
  0x000002090de10444: 0500 0048 | be08 5116 | 6409 0200 | 00ff 8620 | 0100 0048 

  0x000002090de10458: ;   {metadata(method data for {method} {0x000002092208e998} 'prepare' '()V' in 'java/lang/invoke/LambdaForm')}
  0x000002090de10458: 8bf2 48bf | 0851 1664 | 0902 0000 | 4883 8730 | 0100 0001 

  0x000002090de1046c: ;   {metadata(method data for {method} {0x00000209223f8730} 'forceInterpretation' '()Z' in 'java/lang/invoke/LambdaForm')}
  0x000002090de1046c: 48be 0064 | 0964 0902 | 0000 8bbe | cc00 0000 | 83c7 0289 | becc 0000 | 0081 e7fe | ff1f 0085 
  0x000002090de1048c: ff0f 8427 | 0500 008b | 7214 83fe 

  0x000002090de10498: ;   {metadata(method data for {method} {0x00000209223f8730} 'forceInterpretation' '()Z' in 'java/lang/invoke/LambdaForm')}
  0x000002090de10498: ff48 be00 | 6409 6409 | 0200 0048 | c7c7 1001 | 0000 7507 | 48c7 c720 | 0100 0048 | 8b1c 3e48 
  0x000002090de104b8: 8d5b 0148 | 891c 3e0f | 851a 0000 

  0x000002090de104c4: ;   {metadata(method data for {method} {0x00000209223f8730} 'forceInterpretation' '()Z' in 'java/lang/invoke/LambdaForm')}
  0x000002090de104c4: 0048 be00 | 6409 6409 | 0200 00ff | 8630 0100 | 00be 0100 | 0000 e905 | 0000 00be | 0000 0000 
  0x000002090de104e4: 83e6 0185 

  0x000002090de104e8: ;   {metadata(method data for {method} {0x000002092208e998} 'prepare' '()V' in 'java/lang/invoke/LambdaForm')}
  0x000002090de104e8: f648 be08 | 5116 6409 | 0200 0048 | c7c7 6801 | 0000 7507 | 48c7 c778 | 0100 0048 | 8b1c 3e48 
  0x000002090de10508: 8d5b 0148 | 891c 3e0f | 8574 0000 | 000f be72 

  0x000002090de10518: ;   {metadata(method data for {method} {0x000002092208e998} 'prepare' '()V' in 'java/lang/invoke/LambdaForm')}
  0x000002090de10518: 1985 f648 | be08 5116 | 6409 0200 | 0048 c7c7 | 8801 0000 | 7507 48c7 | c798 0100 | 0048 8b1c 
  0x000002090de10538: 3e48 8d5b | 0148 891c | 3e0f 8542 | 0000 0048 

  0x000002090de10548: ;   {metadata(method data for {method} {0x000002092208e998} 'prepare' '()V' in 'java/lang/invoke/LambdaForm')}
  0x000002090de10548: 8bf2 48bf | 0851 1664 | 0902 0000 

  0x000002090de10554: ;   {metadata('java/lang/invoke/LambdaForm')}
  0x000002090de10554: 49ba e0e2 | 0822 0902 | 0000 4c89 | 97b8 0100 | 0048 8387 | c001 0000 | 0148 8bf2 | 488b d60f 
  0x000002090de10574: ;   {optimized virtual_call}
  0x000002090de10574: 1f40 00e8 

  0x000002090de10578: ; ImmutableOopMap {[56]=Oop }
                      ;*invokevirtual compileToBytecode {reexecute=0 rethrow=0 return_oop=0}
                      ; - java.lang.invoke.LambdaForm::prepare@21
  0x000002090de10578: 1905 0000 

  0x000002090de1057c: ;   {other}
  0x000002090de1057c: 0f1f 8400 | ec03 0000 | 488b 5424 | 388b 7228 

  0x000002090de1058c: ;   {metadata(method data for {method} {0x000002092208e998} 'prepare' '()V' in 'java/lang/invoke/LambdaForm')}
  0x000002090de1058c: 4885 f648 | be08 5116 | 6409 0200 | 0048 c7c7 | f001 0000 | 7507 48c7 | c7e0 0100 | 0048 8b1c 
  0x000002090de105ac: 3e48 8d5b | 0148 891c | 3e0f 85cb | 0300 0048 

  0x000002090de105bc: ;   {metadata(method data for {method} {0x000002092208e998} 'prepare' '()V' in 'java/lang/invoke/LambdaForm')}
  0x000002090de105bc: 8bf2 48bf | 0851 1664 | 0902 0000 

  0x000002090de105c8: ;   {metadata('java/lang/invoke/LambdaForm')}
  0x000002090de105c8: 49ba e0e2 | 0822 0902 | 0000 4c89 | 9710 0200 | 0048 8387 | 1802 0000 | 0148 8bf2 

  0x000002090de105e4: ;   {optimized virtual_call}
  0x000002090de105e4: 488b d6e8 

  0x000002090de105e8: ; ImmutableOopMap {[56]=Oop }
                      ;*invokevirtual methodType {reexecute=0 rethrow=0 return_oop=0}
                      ; - java.lang.invoke.LambdaForm::prepare@33
  0x000002090de105e8: 94e1 4907 

  0x000002090de105ec: ;   {other}
  0x000002090de105ec: 0f1f 8400 | 5c04 0001 | 4889 4424 | 4048 3b00 

  0x000002090de105fc: ;   {metadata(method data for {method} {0x000002092208e998} 'prepare' '()V' in 'java/lang/invoke/LambdaForm')}
  0x000002090de105fc: 488b d048 | be08 5116 | 6409 0200 | 0048 8386 | 3802 0000 | 018b 5014 

  0x000002090de10614: ; implicit exception: dispatches to 0x000002090de109e0
  0x000002090de10614: 483b 0248 

  0x000002090de10618: ;   {metadata(method data for {method} {0x000002092208e998} 'prepare' '()V' in 'java/lang/invoke/LambdaForm')}
  0x000002090de10618: 8bf2 48bf | 0851 1664 | 0902 0000 | 4883 8770 | 0200 0001 

  0x000002090de1062c: ;   {metadata(method data for {method} {0x00000209223f7600} 'cachedLambdaForm' '(I)Ljava/lang/invoke/LambdaForm;' in 'java/lang/invoke/MethodTypeForm')}
  0x000002090de1062c: 48be 985e | 1664 0902 | 0000 8bbe | cc00 0000 | 83c7 0289 | becc 0000 | 0081 e7fe | ff1f 0085 
  0x000002090de1064c: ff0f 8492 | 0300 008b | 521c 8b72 | 0c83 fe06 | 0f86 a903 | 0000 8b52 | 2848 85d2 

  0x000002090de10668: ;   {metadata(method data for {method} {0x00000209223f7600} 'cachedLambdaForm' '(I)Ljava/lang/invoke/LambdaForm;' in 'java/lang/invoke/MethodTypeForm')}
  0x000002090de10668: 48be 985e | 1664 0902 | 0000 48c7 | c710 0100 | 0074 0748 | c7c7 2001 | 0000 488b | 1c3e 488d 
  0x000002090de10688: 5b01 4889 | 1c3e 0f84 | a701 0000 

  0x000002090de10694: ; implicit exception: dispatches to 0x000002090de10a1d
  0x000002090de10694: 483b 0248 

  0x000002090de10698: ;   {metadata(method data for {method} {0x00000209223f7600} 'cachedLambdaForm' '(I)Ljava/lang/invoke/LambdaForm;' in 'java/lang/invoke/MethodTypeForm')}
  0x000002090de10698: 8bf2 48bf | 985e 1664 | 0902 0000 | 8b76 0849 | ba00 0000 | 2209 0200 | 0049 03f2 | 483b b740 
  0x000002090de106b8: 0100 0075 | 0d48 8387 | 4801 0000 | 01e9 6000 | 0000 483b | b750 0100 | 0075 0d48 | 8387 5801 
  0x000002090de106d8: 0000 01e9 | 4a00 0000 | 4883 bf40 | 0100 0000 | 7517 4889 | b740 0100 | 0048 c787 | 4801 0000 
  0x000002090de106f8: 0100 0000 | e929 0000 | 0048 83bf | 5001 0000 | 0075 1748 | 89b7 5001 | 0000 48c7 | 8758 0100 
  0x000002090de10718: 0001 0000 | 00e9 0800 | 0000 4883 | 8730 0100 | 0001 0f1f 

  0x000002090de1072c: ;   {optimized virtual_call}
  0x000002090de1072c: 4400 00e8 

  0x000002090de10730: ; ImmutableOopMap {[56]=Oop [64]=Oop }
                      ;*invokevirtual get {reexecute=0 rethrow=0 return_oop=0}
                      ; - java.lang.invoke.MethodTypeForm::cachedLambdaForm@12
                      ; - java.lang.invoke.LambdaForm::prepare@43
  0x000002090de10730: 4ce0 4907 

  0x000002090de10734: ;   {other}
  0x000002090de10734: 0f1f 8400 | a405 0002 | 4885 c075 

  0x000002090de10740: ;   {metadata(method data for {method} {0x00000209223f7600} 'cachedLambdaForm' '(I)Ljava/lang/invoke/LambdaForm;' in 'java/lang/invoke/MethodTypeForm')}
  0x000002090de10740: 1648 bf98 | 5e16 6409 | 0200 0080 | 8f61 0100 | 0001 e9cc 

  0x000002090de10754: ;   {metadata('java/lang/invoke/LambdaForm')}
  0x000002090de10754: 0000 0048 | bbe0 e208 | 2209 0200 | 008b 7008 | 49ba 0000 | 0022 0902 | 0000 4903 | f248 3bde 
  0x000002090de10774: 0f85 8d00 

  0x000002090de10778: ;   {metadata(method data for {method} {0x00000209223f7600} 'cachedLambdaForm' '(I)Ljava/lang/invoke/LambdaForm;' in 'java/lang/invoke/MethodTypeForm')}
  0x000002090de10778: 0000 48bf | 985e 1664 | 0902 0000 | 8b58 0849 | ba00 0000 | 2209 0200 | 0049 03da | 483b 9f78 
  0x000002090de10798: 0100 0075 | 0d48 8387 | 8001 0000 | 01e9 7900 | 0000 483b | 9f88 0100 | 0075 0d48 | 8387 9001 
  0x000002090de107b8: 0000 01e9 | 6300 0000 | 4883 bf78 | 0100 0000 | 7517 4889 | 9f78 0100 | 0048 c787 | 8001 0000 
  0x000002090de107d8: 0100 0000 | e942 0000 | 0048 83bf | 8801 0000 | 0075 1748 | 899f 8801 | 0000 48c7 | 8790 0100 
  0x000002090de107f8: 0001 0000 | 00e9 2100 | 0000 e91c 

  0x000002090de10804: ;   {metadata(method data for {method} {0x00000209223f7600} 'cachedLambdaForm' '(I)Ljava/lang/invoke/LambdaForm;' in 'java/lang/invoke/MethodTypeForm')}
  0x000002090de10804: 0000 0048 | bf98 5e16 | 6409 0200 | 0048 83af | 6801 0000 | 01e9 0402 | 0000 e900 | 0000 0048 
  0x000002090de10824: ;   {metadata(method data for {method} {0x00000209223f7600} 'cachedLambdaForm' '(I)Ljava/lang/invoke/LambdaForm;' in 'java/lang/invoke/MethodTypeForm')}
  0x000002090de10824: 8bd0 48be | 985e 1664 | 0902 0000 | ff86 a001 | 0000 e90a 

  0x000002090de10838: ;   {oop(nullptr)}
  0x000002090de10838: 0000 0048 | ba00 0000 | 0000 0000 | 0048 85d2 

  0x000002090de10848: ;   {metadata(method data for {method} {0x000002092208e998} 'prepare' '()V' in 'java/lang/invoke/LambdaForm')}
  0x000002090de10848: 48be 0851 | 1664 0902 | 0000 48c7 | c7a8 0200 | 0075 0748 | c7c7 b802 | 0000 488b | 1c3e 488d 
  0x000002090de10868: 5b01 4889 | 1c3e 0f85 | db00 0000 

  0x000002090de10874: ;   {metadata(method data for {method} {0x000002092208e998} 'prepare' '()V' in 'java/lang/invoke/LambdaForm')}
  0x000002090de10874: 48ba 0851 | 1664 0902 | 0000 ff82 | c802 0000 | 488b 4424 

  0x000002090de10888: ;   {metadata(method data for {method} {0x000002092208e998} 'prepare' '()V' in 'java/lang/invoke/LambdaForm')}
  0x000002090de10888: 4048 ba08 | 5116 6409 | 0200 0048 | 8382 6003 | 0000 0148 

  0x000002090de1089c: ;   {static_call}
  0x000002090de1089c: 8bd0 90e8 

  0x000002090de108a0: ; ImmutableOopMap {[56]=Oop [64]=Oop }
                      ;*invokestatic createBlankForType {reexecute=0 rethrow=0 return_oop=0}
                      ; - java.lang.invoke.LambdaForm::prepare@76
  0x000002090de108a0: dce4 4907 

  0x000002090de108a4: ;   {other}
  0x000002090de108a4: 0f1f 8400 | 1407 0003 

  0x000002090de108ac: ;   {metadata(method data for {method} {0x000002092208e998} 'prepare' '()V' in 'java/lang/invoke/LambdaForm')}
  0x000002090de108ac: 48ba 0851 | 1664 0902 | 0000 4883 | 8270 0300 | 0001 488b | 5424 4048 | 8944 2448 | 0f1f 8000 
  0x000002090de108cc: ;   {static_call}
  0x000002090de108cc: 0000 00e8 

  0x000002090de108d0: ; ImmutableOopMap {[56]=Oop [64]=Oop [72]=Oop }
                      ;*invokestatic generateLambdaFormInterpreterEntryPoint {reexecute=0 rethrow=0 return_oop=0}
                      ; - java.lang.invoke.LambdaForm::prepare@82
  0x000002090de108d0: ace4 4907 

  0x000002090de108d4: ;   {other}
  0x000002090de108d4: 0f1f 8400 | 4407 0004 | 4c8b 4c24 | 484c 8bd0 

  0x000002090de108e4: ; implicit exception: dispatches to 0x000002090de10a2b
  0x000002090de108e4: 4589 5128 | 4d8d 0149 | c1e8 0948 | ba00 0010 | 0a09 0200 | 0041 c604 | 1000 488b 

  0x000002090de10900: ;   {metadata(method data for {method} {0x000002092208e998} 'prepare' '()V' in 'java/lang/invoke/LambdaForm')}
  0x000002090de10900: 4424 4049 | b808 5116 | 6409 0200 | 0049 8380 | 8003 0000 | 0148 8b44 | 2440 8b50 | 1448 3b02 
  0x000002090de10920: ;   {metadata(method data for {method} {0x000002092208e998} 'prepare' '()V' in 'java/lang/invoke/LambdaForm')}
  0x000002090de10920: 4c8b c248 | be08 5116 | 6409 0200 | 0048 8386 | b803 0000 | 0141 b806 | 0000 000f 

  0x000002090de1093c: ;   {optimized virtual_call}
  0x000002090de1093c: 1f40 00e8 

  0x000002090de10940: ; ImmutableOopMap {[56]=Oop }
                      ;*invokevirtual setCachedLambdaForm {reexecute=0 rethrow=0 return_oop=0}
                      ; - java.lang.invoke.LambdaForm::prepare@95
  0x000002090de10940: 3cde 4907 

  0x000002090de10944: ;   {other}
  0x000002090de10944: 0f1f 8400 | b407 0005 | 488b d048 | 8b74 2438 

  0x000002090de10954: ; implicit exception: dispatches to 0x000002090de10a35
  0x000002090de10954: 8b7a 284c | 8bd7 4489 | 5628 488d | 3648 c1ee | 0948 bf00 | 0010 0a09 | 0200 00c6 | 043e 0048 
  0x000002090de10974: 83c4 605d 

  0x000002090de10978: ;   {poll_return}
  0x000002090de10978: 493b a750 | 0400 000f | 87b5 0000 | 00c3 4883 

  0x000002090de10988: ;   {poll_return}
  0x000002090de10988: c460 5d49 | 3ba7 5004 | 0000 0f87 | b800 0000 

  0x000002090de10998: ;   {metadata({method} {0x000002092208e998} 'prepare' '()V' in 'java/lang/invoke/LambdaForm')}
  0x000002090de10998: c349 ba90 | e908 2209 | 0200 004c | 8954 2408 | 48c7 0424 | ffff ffff 

  0x000002090de109b0: ;   {runtime_call counter_overflow Runtime1 stub}
  0x000002090de109b0: e84b 5055 

  0x000002090de109b4: ; ImmutableOopMap {rdx=Oop [56]=Oop }
                      ;*synchronization entry
                      ; - java.lang.invoke.LambdaForm::prepare@-1
  0x000002090de109b4: 07e9 8dfa 

  0x000002090de109b8: ;   {metadata({method} {0x00000209223f8730} 'forceInterpretation' '()Z' in 'java/lang/invoke/LambdaForm')}
  0x000002090de109b8: ffff 49ba | 2887 3f22 | 0902 0000 | 4c89 5424 | 0848 c704 | 24ff ffff 

  0x000002090de109d0: ;   {runtime_call counter_overflow Runtime1 stub}
  0x000002090de109d0: ffe8 2a50 

  0x000002090de109d4: ; ImmutableOopMap {rdx=Oop [56]=Oop }
                      ;*synchronization entry
                      ; - java.lang.invoke.LambdaForm::forceInterpretation@-1
                      ; - java.lang.invoke.LambdaForm::prepare@7
  0x000002090de109d4: 5507 e9b8 

  0x000002090de109d8: ;   {runtime_call throw_null_pointer_exception Runtime1 stub}
  0x000002090de109d8: faff ffe8 

  0x000002090de109dc: ; ImmutableOopMap {rax=Oop [56]=Oop [64]=Oop }
                      ;*invokevirtual form {reexecute=0 rethrow=0 return_oop=0}
                      ; - java.lang.invoke.LambdaForm::prepare@38
  0x000002090de109dc: 20f3 5407 

  0x000002090de109e0: ;   {runtime_call throw_null_pointer_exception Runtime1 stub}
  0x000002090de109e0: e81b f354 

  0x000002090de109e4: ; ImmutableOopMap {rax=Oop rdx=Oop [56]=Oop [64]=Oop }
                      ;*invokevirtual cachedLambdaForm {reexecute=0 rethrow=0 return_oop=0}
                      ; - java.lang.invoke.LambdaForm::prepare@43
                      ;   {metadata({method} {0x00000209223f7600} 'cachedLambdaForm' '(I)Ljava/lang/invoke/LambdaForm;' in 'java/lang/invoke/MethodTypeForm')}
  0x000002090de109e4: 0749 baf8 | 753f 2209 | 0200 004c | 8954 2408 | 48c7 0424 | ffff ffff 

  0x000002090de109fc: ;   {runtime_call counter_overflow Runtime1 stub}
  0x000002090de109fc: e8ff 4f55 

  0x000002090de10a00: ; ImmutableOopMap {rax=Oop rdx=Oop [56]=Oop [64]=Oop }
                      ;*synchronization entry
                      ; - java.lang.invoke.MethodTypeForm::cachedLambdaForm@-1
                      ; - java.lang.invoke.LambdaForm::prepare@43
  0x000002090de10a00: 07e9 4dfc 

  0x000002090de10a04: ;   {runtime_call throw_null_pointer_exception Runtime1 stub}
  0x000002090de10a04: ffff e8f5 

  0x000002090de10a08: ; ImmutableOopMap {rax=Oop rdx=Oop [56]=Oop [64]=Oop }
                      ;*aaload {reexecute=0 rethrow=0 return_oop=0}
                      ; - java.lang.invoke.MethodTypeForm::cachedLambdaForm@5
                      ; - java.lang.invoke.LambdaForm::prepare@43
  0x000002090de10a08: f254 0748 | c704 2406 | 0000 0048 | 8954 2408 

  0x000002090de10a18: ;   {runtime_call throw_range_check_failed Runtime1 stub}
  0x000002090de10a18: e8e3 e954 

  0x000002090de10a1c: ; ImmutableOopMap {rax=Oop rdx=Oop [56]=Oop [64]=Oop }
                      ;*aaload {reexecute=0 rethrow=0 return_oop=0}
                      ; - java.lang.invoke.MethodTypeForm::cachedLambdaForm@5
                      ; - java.lang.invoke.LambdaForm::prepare@43
                      ;   {runtime_call throw_null_pointer_exception Runtime1 stub}
  0x000002090de10a1c: 07e8 def2 

  0x000002090de10a20: ; ImmutableOopMap {rdx=Oop [56]=Oop [64]=Oop }
                      ;*invokevirtual get {reexecute=0 rethrow=0 return_oop=0}
                      ; - java.lang.invoke.MethodTypeForm::cachedLambdaForm@12
                      ; - java.lang.invoke.LambdaForm::prepare@43
  0x000002090de10a20: 5407 4889 

  0x000002090de10a24: ;   {runtime_call throw_class_cast_exception Runtime1 stub}
  0x000002090de10a24: 0424 e8d5 

  0x000002090de10a28: ; ImmutableOopMap {[56]=Oop [64]=Oop }
                      ;*checkcast {reexecute=0 rethrow=0 return_oop=0}
                      ; - java.lang.invoke.MethodTypeForm::cachedLambdaForm@15
                      ; - java.lang.invoke.LambdaForm::prepare@43
                      ;   {runtime_call throw_null_pointer_exception Runtime1 stub}
  0x000002090de10a28: 1655 07e8 

  0x000002090de10a2c: ; ImmutableOopMap {r9=Oop [56]=Oop [64]=Oop }
                      ;*putfield vmentry {reexecute=1 rethrow=0 return_oop=0}
                      ; - (reexecute) java.lang.invoke.LambdaForm::prepare@85
  0x000002090de10a2c: d0f2 5407 

  0x000002090de10a30: ;   {runtime_call throw_null_pointer_exception Runtime1 stub}
  0x000002090de10a30: e8cb f254 

  0x000002090de10a34: ; ImmutableOopMap {r9=Oop rdx=Oop [56]=Oop }
                      ;*invokevirtual setCachedLambdaForm {reexecute=0 rethrow=0 return_oop=0}
                      ; - java.lang.invoke.LambdaForm::prepare@95
                      ;   {runtime_call throw_null_pointer_exception Runtime1 stub}
  0x000002090de10a34: 07e8 c6f2 

  0x000002090de10a38: ; ImmutableOopMap {rsi=Oop [56]=Oop }
                      ;*getfield vmentry {reexecute=1 rethrow=0 return_oop=0}
                      ; - (reexecute) java.lang.invoke.LambdaForm::prepare@101
                      ;   {internal_word}
  0x000002090de10a38: 5407 49ba | 7809 e10d | 0902 0000 | 4d89 9768 

  0x000002090de10a48: ;   {runtime_call SafepointBlob}
  0x000002090de10a48: 0400 00e9 | b040 4a07 

  0x000002090de10a50: ;   {internal_word}
  0x000002090de10a50: 49ba 8b09 | e10d 0902 | 0000 4d89 | 9768 0400 

  0x000002090de10a60: ;   {runtime_call SafepointBlob}
  0x000002090de10a60: 00e9 9a40 | 4a07 498b | 8700 0500 | 0049 c787 | 0005 0000 | 0000 0000 | 49c7 8708 | 0500 0000 
  0x000002090de10a80: 0000 0048 | 83c4 605d 

  0x000002090de10a88: ;   {runtime_call unwind_exception Runtime1 stub}
  0x000002090de10a88: e973 e354 | 07f4 f4f4 
[Stub Code]
  0x000002090de10a90: ;   {no_reloc}
  0x000002090de10a90: 0f1f 4400 

  0x000002090de10a94: ;   {static_stub}
  0x000002090de10a94: 0048 bbe0 | e808 2209 

  0x000002090de10a9c: ;   {runtime_call I2C/C2I adapters}
  0x000002090de10a9c: 0200 00e9 | 3fd1 4907 

  0x000002090de10aa4: ;   {static_stub}
  0x000002090de10aa4: 9048 bb00 | 0000 0000 

  0x000002090de10aac: ;   {runtime_call nmethod}
  0x000002090de10aac: 0000 00e9 | fbff ffff 

  0x000002090de10ab4: ;   {static_stub}
  0x000002090de10ab4: 9048 bb00 | 0000 0000 

  0x000002090de10abc: ;   {runtime_call nmethod}
  0x000002090de10abc: 0000 00e9 | fbff ffff 

  0x000002090de10ac4: ;   {static_stub}
  0x000002090de10ac4: 48bb 0000 | 0000 0000 

  0x000002090de10acc: ;   {runtime_call nmethod}
  0x000002090de10acc: 0000 e9fb 

  0x000002090de10ad0: ;   {static_stub}
  0x000002090de10ad0: ffff ff48 | bb00 0000 | 0000 0000 

  0x000002090de10adc: ;   {runtime_call nmethod}
  0x000002090de10adc: 00e9 fbff 

  0x000002090de10ae0: ;   {static_stub}
  0x000002090de10ae0: ffff 48bb | 0000 0000 | 0000 0000 

  0x000002090de10aec: ;   {runtime_call nmethod}
  0x000002090de10aec: e9fb ffff 

  0x000002090de10af0: ;   {runtime_call handle_exception_from_callee Runtime1 stub}
  0x000002090de10af0: ffe8 0a10 

  0x000002090de10af4: ;   {external_word}
  0x000002090de10af4: 5507 48b9 | 4053 fced | fc7f 0000 | 4883 e4f0 

  0x000002090de10b04: ;   {runtime_call}
  0x000002090de10b04: 48b8 b0c3 | beed fc7f | 0000 ffd0 

  0x000002090de10b10: ;   {section_word}
  0x000002090de10b10: f449 ba11 | 0be1 0d09 | 0200 0041 

  0x000002090de10b1c: ;   {runtime_call DeoptimizationBlob}
  0x000002090de10b1c: 52e9 7e32 | 4a07 f4f4 | f4f4 f4f4 
[/MachCode]


Compiled method (c1) 5720  616       3       java.lang.invoke.MethodHandle::<init> (37 bytes)
 total in heap  [0x000002090de0f810,0x000002090de10130] = 2336
 relocation     [0x000002090de0f970,0x000002090de0fa10] = 160
 main code      [0x000002090de0fa20,0x000002090de0feb0] = 1168
 stub code      [0x000002090de0feb0,0x000002090de0ff18] = 104
 metadata       [0x000002090de0ff18,0x000002090de0ff50] = 56
 scopes data    [0x000002090de0ff50,0x000002090de10000] = 176
 scopes pcs     [0x000002090de10000,0x000002090de10100] = 256
 dependencies   [0x000002090de10100,0x000002090de10118] = 24
 nul chk table  [0x000002090de10118,0x000002090de10130] = 24

[Constant Pool (empty)]

[MachCode]
[Entry Point]
  # {method} {0x0000020922408328} '<init>' '(Ljava/lang/invoke/MethodType;Ljava/lang/invoke/LambdaForm;)V' in 'java/lang/invoke/MethodHandle'
  # this:     rdx:rdx   = 'java/lang/invoke/MethodHandle'
  # parm0:    r8:r8     = 'java/lang/invoke/MethodType'
  # parm1:    r9:r9     = 'java/lang/invoke/LambdaForm'
  #           [sp+0x70]  (sp of caller)
  0x000002090de0fa20: 448b 5208 | 49bb 0000 | 0022 0902 | 0000 4d03 | d34c 3bd0 

  0x000002090de0fa34: ;   {runtime_call ic_miss_stub}
  0x000002090de0fa34: 0f85 46ea | 4907 660f | 1f44 0000 
[Verified Entry Point]
  0x000002090de0fa40: 8984 2400 | 80ff ff55 | 4883 ec60 | 4181 7f20 | 0100 0000 

  0x000002090de0fa54: ;   {runtime_call StubRoutines (final stubs)}
  0x000002090de0fa54: 7405 e885 | 8f48 0748 | 8954 2430 

  0x000002090de0fa60: ;   {metadata(method data for {method} {0x0000020922408328} '<init>' '(Ljava/lang/invoke/MethodType;Ljava/lang/invoke/LambdaForm;)V' in 'java/lang/invoke/MethodHandle')}
  0x000002090de0fa60: 48be 084b | 1664 0902 | 0000 8bbe | cc00 0000 | 83c7 0289 | becc 0000 | 0081 e7fe | 0700 0085 
  0x000002090de0fa80: ff0f 840f | 0300 0048 

  0x000002090de0fa88: ;   {metadata(method data for {method} {0x0000020922408328} '<init>' '(Ljava/lang/invoke/MethodType;Ljava/lang/invoke/LambdaForm;)V' in 'java/lang/invoke/MethodHandle')}
  0x000002090de0fa88: 8bf2 48bf | 084b 1664 | 0902 0000 | 4883 8710 | 0100 0001 

  0x000002090de0fa9c: ;   {metadata(method data for {method} {0x0000020922474dc0} '<init>' '()V' in 'java/lang/Object')}
  0x000002090de0fa9c: 48be 9067 | 0064 0902 | 0000 8bbe | cc00 0000 | 83c7 0289 | becc 0000 | 0081 e7fe | ff1f 0085 
  0x000002090de0fabc: ff0f 84f4 

  0x000002090de0fac0: ;   {metadata(method data for {method} {0x0000020922408328} '<init>' '(Ljava/lang/invoke/MethodType;Ljava/lang/invoke/LambdaForm;)V' in 'java/lang/invoke/MethodHandle')}
  0x000002090de0fac0: 0200 0048 | be08 4b16 | 6409 0200 | 0048 8386 | 2001 0000 

  0x000002090de0fad4: ;   {metadata(method data for {method} {0x0000020922055658} 'requireNonNull' '(Ljava/lang/Object;)Ljava/lang/Object;' in 'java/util/Objects')}
  0x000002090de0fad4: 0148 be70 | c300 6409 | 0200 008b | becc 0000 | 0083 c702 | 89be cc00 | 0000 81e7 | feff 1f00 
  0x000002090de0faf4: 85ff 0f84 | dc02 0000 

  0x000002090de0fafc: ;   {metadata(method data for {method} {0x0000020922055658} 'requireNonNull' '(Ljava/lang/Object;)Ljava/lang/Object;' in 'java/util/Objects')}
  0x000002090de0fafc: 4d85 c048 | be70 c300 | 6409 0200 | 0048 c7c7 | 2001 0000 | 7407 48c7 | c710 0100 | 0048 8b1c 
  0x000002090de0fb1c: 3e48 8d5b | 0148 891c | 3e0f 84cb | 0100 004d | 8bd0 4489 | 5210 488d | 3248 c1ee | 0948 bf00 
  0x000002090de0fb3c: 0010 0a09 | 0200 00c6 

  0x000002090de0fb44: ;   {metadata(method data for {method} {0x0000020922408328} '<init>' '(Ljava/lang/invoke/MethodType;Ljava/lang/invoke/LambdaForm;)V' in 'java/lang/invoke/MethodHandle')}
  0x000002090de0fb44: 043e 0048 | be08 4b16 | 6409 0200 | 0048 8386 | 6801 0000 

  0x000002090de0fb58: ;   {metadata(method data for {method} {0x0000020922055658} 'requireNonNull' '(Ljava/lang/Object;)Ljava/lang/Object;' in 'java/util/Objects')}
  0x000002090de0fb58: 0148 be70 | c300 6409 | 0200 008b | becc 0000 | 0083 c702 | 89be cc00 | 0000 81e7 | feff 1f00 
  0x000002090de0fb78: 85ff 0f84 | 7902 0000 

  0x000002090de0fb80: ;   {metadata(method data for {method} {0x0000020922055658} 'requireNonNull' '(Ljava/lang/Object;)Ljava/lang/Object;' in 'java/util/Objects')}
  0x000002090de0fb80: 4d85 c948 | be70 c300 | 6409 0200 | 0048 c7c7 | 2001 0000 | 7407 48c7 | c710 0100 | 0048 8b1c 
  0x000002090de0fba0: 3e48 8d5b | 0148 891c | 3e0f 84b0 | 0000 0049 | 3b01 498b 

  0x000002090de0fbb4: ;   {metadata(method data for {method} {0x0000020922408328} '<init>' '(Ljava/lang/invoke/MethodType;Ljava/lang/invoke/LambdaForm;)V' in 'java/lang/invoke/MethodHandle')}
  0x000002090de0fbb4: f148 bf08 | 4b16 6409 

  0x000002090de0fbbc: ;   {metadata('java/lang/invoke/LambdaForm')}
  0x000002090de0fbbc: 0200 0049 | bae0 e208 | 2209 0200 | 004c 8997 | c001 0000 | 4883 87c8 | 0100 0001 | 498b d10f 
  0x000002090de0fbdc: ;   {optimized virtual_call}
  0x000002090de0fbdc: 1f40 00e8 

  0x000002090de0fbe0: ; ImmutableOopMap {[48]=Oop }
                      ;*invokevirtual uncustomize {reexecute=0 rethrow=0 return_oop=0}
                      ; - java.lang.invoke.MethodHandle::<init>@23
  0x000002090de0fbe0: 9c14 0400 

  0x000002090de0fbe4: ;   {other}
  0x000002090de0fbe4: 0f1f 8400 | d403 0000 | 488b 5424 | 304c 8bd0 | 4489 5214 | 488d 1248 | c1ea 0948 | be00 0010 
  0x000002090de0fc04: 0a09 0200 | 00c6 0432 | 0048 3b00 

  0x000002090de0fc10: ;   {metadata(method data for {method} {0x0000020922408328} '<init>' '(Ljava/lang/invoke/MethodType;Ljava/lang/invoke/LambdaForm;)V' in 'java/lang/invoke/MethodHandle')}
  0x000002090de0fc10: 488b d048 | be08 4b16 | 6409 0200 

  0x000002090de0fc1c: ;   {metadata('java/lang/invoke/LambdaForm')}
  0x000002090de0fc1c: 0049 bae0 | e208 2209 | 0200 004c | 8996 f801 | 0000 4883 | 8600 0200 | 0001 488b | d066 0f1f 
  0x000002090de0fc3c: ;   {optimized virtual_call}
  0x000002090de0fc3c: 4400 00e8 

  0x000002090de0fc40: ; ImmutableOopMap {}
                      ;*invokevirtual prepare {reexecute=0 rethrow=0 return_oop=0}
                      ; - java.lang.invoke.MethodHandle::<init>@33
  0x000002090de0fc40: bc07 0000 

  0x000002090de0fc44: ;   {other}
  0x000002090de0fc44: 0f1f 8400 | 3404 0001 | 4883 c460 

  0x000002090de0fc50: ;   {poll_return}
  0x000002090de0fc50: 5d49 3ba7 | 5004 0000 | 0f87 c601 | 0000 c390 

  0x000002090de0fc60: ;   {no_reloc}
  0x000002090de0fc60: e9e4 0100 | 0000 0000 | 0000 498b | 87b8 0100 | 0048 8d78 | 3049 3bbf | c801 0000 | 0f87 d101 
  0x000002090de0fc80: 0000 4989 | bfb8 0100 | 0048 c700 | 0100 0000 | 488b ca49 | ba00 0000 | 2209 0200 | 0049 2bca 
  0x000002090de0fca0: 8948 0848 | 33c9 8948 | 0c48 33c9 | 4889 4810 | 4889 4818 | 4889 4820 | 4889 4828 

  0x000002090de0fcbc: ;   {metadata(method data for {method} {0x0000020922055658} 'requireNonNull' '(Ljava/lang/Object;)Ljava/lang/Object;' in 'java/util/Objects')}
  0x000002090de0fcbc: 488b d048 | be70 c300 | 6409 0200 | 0048 8386 | 3001 0000 | 0148 8bd0 | 4889 4424 | 3866 0f1f 
  0x000002090de0fcdc: ;   {optimized virtual_call}
  0x000002090de0fcdc: 4400 00e8 

  0x000002090de0fce0: ; ImmutableOopMap {[48]=Oop [56]=Oop }
                      ;*invokespecial <init> {reexecute=0 rethrow=0 return_oop=0}
                      ; - java.util.Objects::requireNonNull@8
                      ; - java.lang.invoke.MethodHandle::<init>@17
  0x000002090de0fce0: 9cea 4907 

  0x000002090de0fce4: ;   {other}
  0x000002090de0fce4: 0f1f 8400 | d404 0002 | 488b 4424 | 38e9 ad01 | 0000 4c89 | 4c24 480f | 1f44 0000 

  0x000002090de0fd00: ;   {no_reloc}
  0x000002090de0fd00: e96a 0100 | 0000 0000 | 0000 498b | 87b8 0100 | 0048 8d78 | 3049 3bbf | c801 0000 | 0f87 5701 
  0x000002090de0fd20: 0000 4989 | bfb8 0100 | 0048 c700 | 0100 0000 | 488b ca49 | ba00 0000 | 2209 0200 | 0049 2bca 
  0x000002090de0fd40: 8948 0848 | 33c9 8948 | 0c48 33c9 | 4889 4810 | 4889 4818 | 4889 4820 | 4889 4828 

  0x000002090de0fd5c: ;   {metadata(method data for {method} {0x0000020922055658} 'requireNonNull' '(Ljava/lang/Object;)Ljava/lang/Object;' in 'java/util/Objects')}
  0x000002090de0fd5c: 488b d048 | be70 c300 | 6409 0200 | 0048 8386 | 3001 0000 | 0148 8bd0 | 4889 4424 | 4066 0f1f 
  0x000002090de0fd7c: ;   {optimized virtual_call}
  0x000002090de0fd7c: 4400 00e8 

  0x000002090de0fd80: ; ImmutableOopMap {[48]=Oop [64]=Oop [72]=Oop }
                      ;*invokespecial <init> {reexecute=0 rethrow=0 return_oop=0}
                      ; - java.util.Objects::requireNonNull@8
                      ; - java.lang.invoke.MethodHandle::<init>@6
  0x000002090de0fd80: fce9 4907 

  0x000002090de0fd84: ;   {other}
  0x000002090de0fd84: 0f1f 8400 | 7405 0003 | 488b 4424 | 40e9 0d01 

  0x000002090de0fd94: ;   {metadata({method} {0x0000020922408328} '<init>' '(Ljava/lang/invoke/MethodType;Ljava/lang/invoke/LambdaForm;)V' in 'java/lang/invoke/MethodHandle')}
  0x000002090de0fd94: 0000 49ba | 2083 4022 | 0902 0000 | 4c89 5424 | 0848 c704 | 24ff ffff 

  0x000002090de0fdac: ;   {runtime_call counter_overflow Runtime1 stub}
  0x000002090de0fdac: ffe8 4e5c 

  0x000002090de0fdb0: ; ImmutableOopMap {rdx=Oop r8=Oop r9=Oop [48]=Oop }
                      ;*synchronization entry
                      ; - java.lang.invoke.MethodHandle::<init>@-1
  0x000002090de0fdb0: 5507 e9d0 

  0x000002090de0fdb4: ;   {metadata({method} {0x0000020922474dc0} '<init>' '()V' in 'java/lang/Object')}
  0x000002090de0fdb4: fcff ff49 | bab8 4d47 | 2209 0200 | 004c 8954 | 2408 48c7 | 0424 ffff 

  0x000002090de0fdcc: ;   {runtime_call counter_overflow Runtime1 stub}
  0x000002090de0fdcc: ffff e82d 

  0x000002090de0fdd0: ; ImmutableOopMap {rdx=Oop r8=Oop r9=Oop [48]=Oop }
                      ;*synchronization entry
                      ; - java.lang.Object::<init>@-1
                      ; - java.lang.invoke.MethodHandle::<init>@1
  0x000002090de0fdd0: 5c55 07e9 | ebfc ffff 

  0x000002090de0fdd8: ;   {metadata({method} {0x0000020922055658} 'requireNonNull' '(Ljava/lang/Object;)Ljava/lang/Object;' in 'java/util/Objects')}
  0x000002090de0fdd8: 49ba 5056 | 0522 0902 | 0000 4c89 | 5424 0848 | c704 24ff 

  0x000002090de0fdec: ;   {runtime_call counter_overflow Runtime1 stub}
  0x000002090de0fdec: ffff ffe8 

  0x000002090de0fdf0: ; ImmutableOopMap {rdx=Oop r8=Oop r9=Oop [48]=Oop }
                      ;*synchronization entry
                      ; - java.util.Objects::requireNonNull@-1
                      ; - java.lang.invoke.MethodHandle::<init>@6
  0x000002090de0fdf0: 0c5c 5507 | e903 fdff 

  0x000002090de0fdf8: ;   {metadata({method} {0x0000020922055658} 'requireNonNull' '(Ljava/lang/Object;)Ljava/lang/Object;' in 'java/util/Objects')}
  0x000002090de0fdf8: ff49 ba50 | 5605 2209 | 0200 004c | 8954 2408 | 48c7 0424 | ffff ffff 

  0x000002090de0fe10: ;   {runtime_call counter_overflow Runtime1 stub}
  0x000002090de0fe10: e8eb 5b55 

  0x000002090de0fe14: ; ImmutableOopMap {rdx=Oop r9=Oop [48]=Oop }
                      ;*synchronization entry
                      ; - java.util.Objects::requireNonNull@-1
                      ; - java.lang.invoke.MethodHandle::<init>@17
  0x000002090de0fe14: 07e9 66fd 

  0x000002090de0fe18: ;   {runtime_call throw_null_pointer_exception Runtime1 stub}
  0x000002090de0fe18: ffff e8e1 

  0x000002090de0fe1c: ; ImmutableOopMap {r9=Oop [48]=Oop }
                      ;*invokevirtual uncustomize {reexecute=0 rethrow=0 return_oop=0}
                      ; - java.lang.invoke.MethodHandle::<init>@23
                      ;   {runtime_call throw_null_pointer_exception Runtime1 stub}
  0x000002090de0fe1c: fe54 07e8 

  0x000002090de0fe20: ; ImmutableOopMap {rax=Oop }
                      ;*invokevirtual prepare {reexecute=0 rethrow=0 return_oop=0}
                      ; - java.lang.invoke.MethodHandle::<init>@33
  0x000002090de0fe20: dcfe 5407 

  0x000002090de0fe24: ;   {internal_word}
  0x000002090de0fe24: 49ba 51fc | e00d 0902 | 0000 4d89 | 9768 0400 

  0x000002090de0fe34: ;   {runtime_call SafepointBlob}
  0x000002090de0fe34: 00e9 c64c 

  0x000002090de0fe38: ;   {metadata(nullptr)}
  0x000002090de0fe38: 4a07 48ba | 0000 0000 | 0000 0000 | b800 0f05 

  0x000002090de0fe48: ;   {runtime_call load_klass_patching Runtime1 stub}
  0x000002090de0fe48: 0ae8 324b 

  0x000002090de0fe4c: ; ImmutableOopMap {[48]=Oop }
                      ;*new {reexecute=1 rethrow=0 return_oop=0}
                      ; - (reexecute) java.util.Objects::requireNonNull@4
                      ; - java.lang.invoke.MethodHandle::<init>@17
  0x000002090de0fe4c: 5507 e90d | feff ff48 

  0x000002090de0fe54: ;   {runtime_call fast_new_instance Runtime1 stub}
  0x000002090de0fe54: 8bd2 e8a5 

  0x000002090de0fe58: ; ImmutableOopMap {[48]=Oop }
                      ;*new {reexecute=0 rethrow=0 return_oop=0}
                      ; - java.util.Objects::requireNonNull@4
                      ; - java.lang.invoke.MethodHandle::<init>@17
  0x000002090de0fe58: 0755 07e9 | 5cfe ffff 

  0x000002090de0fe60: ;   {metadata(nullptr)}
  0x000002090de0fe60: 48ba 0000 | 0000 0000 | 0000 b800 

  0x000002090de0fe6c: ;   {runtime_call load_klass_patching Runtime1 stub}
  0x000002090de0fe6c: 0f05 0ae8 

  0x000002090de0fe70: ; ImmutableOopMap {[48]=Oop [72]=Oop }
                      ;*new {reexecute=1 rethrow=0 return_oop=0}
                      ; - (reexecute) java.util.Objects::requireNonNull@4
                      ; - java.lang.invoke.MethodHandle::<init>@6
  0x000002090de0fe70: 0c4b 5507 | e987 feff | ff48 8bd2 

  0x000002090de0fe7c: ;   {runtime_call fast_new_instance Runtime1 stub}
  0x000002090de0fe7c: e87f 0755 

  0x000002090de0fe80: ; ImmutableOopMap {[48]=Oop [72]=Oop }
                      ;*new {reexecute=0 rethrow=0 return_oop=0}
                      ; - java.util.Objects::requireNonNull@4
                      ; - java.lang.invoke.MethodHandle::<init>@6
  0x000002090de0fe80: 07e9 d6fe | ffff 498b | 8700 0500 | 0049 c787 | 0005 0000 | 0000 0000 | 49c7 8708 | 0500 0000 
  0x000002090de0fea0: 0000 0048 | 83c4 605d 

  0x000002090de0fea8: ;   {runtime_call unwind_exception Runtime1 stub}
  0x000002090de0fea8: e953 ef54 | 07f4 f4f4 
[Stub Code]
  0x000002090de0feb0: ;   {no_reloc}
  0x000002090de0feb0: 0f1f 4400 

  0x000002090de0feb4: ;   {static_stub}
  0x000002090de0feb4: 0048 bb38 | e908 2209 

  0x000002090de0febc: ;   {runtime_call I2C/C2I adapters}
  0x000002090de0febc: 0200 00e9 | 1fdd 4907 

  0x000002090de0fec4: ;   {static_stub}
  0x000002090de0fec4: 9048 bb90 | e908 2209 

  0x000002090de0fecc: ;   {runtime_call I2C/C2I adapters}
  0x000002090de0fecc: 0200 00e9 | 0fdd 4907 

  0x000002090de0fed4: ;   {static_stub}
  0x000002090de0fed4: 48bb 0000 | 0000 0000 

  0x000002090de0fedc: ;   {runtime_call nmethod}
  0x000002090de0fedc: 0000 e9fb 

  0x000002090de0fee0: ;   {runtime_call handle_exception_from_callee Runtime1 stub}
  0x000002090de0fee0: ffff ffe8 | 181c 5507 

  0x000002090de0fee8: ;   {external_word}
  0x000002090de0fee8: 48b9 4053 | fced fc7f | 0000 4883 

  0x000002090de0fef4: ;   {runtime_call}
  0x000002090de0fef4: e4f0 48b8 | b0c3 beed | fc7f 0000 

  0x000002090de0ff00: ;   {section_word}
  0x000002090de0ff00: ffd0 f449 | ba03 ffe0 | 0d09 0200 

  0x000002090de0ff0c: ;   {runtime_call DeoptimizationBlob}
  0x000002090de0ff0c: 0041 52e9 | 8c3e 4a07 | f4f4 f4f4 
[/MachCode]


---------------  P R O C E S S  ---------------

Threads class SMR info:
_java_thread_list=0x00000209689295d0, length=12, elements={
0x000002090ab22cd0, 0x000002092158c3a0, 0x000002092158d9f0, 0x00000209215912d0,
0x0000020921593f90, 0x0000020921595190, 0x000002092159b3d0, 0x00000209215cbc00,
0x00000209215ccc60, 0x000002096820af30, 0x000002096833c8e0, 0x0000020968be4330
}

Java Threads: ( => current thread )
=>0x000002090ab22cd0 JavaThread "main"                              [_thread_in_vm, id=26360, stack(0x0000002b2ca00000,0x0000002b2cb00000) (1024K)]
  0x000002092158c3a0 JavaThread "Reference Handler"          daemon [_thread_blocked, id=23768, stack(0x0000002b2cf00000,0x0000002b2d000000) (1024K)]
  0x000002092158d9f0 JavaThread "Finalizer"                  daemon [_thread_blocked, id=11944, stack(0x0000002b2d000000,0x0000002b2d100000) (1024K)]
  0x00000209215912d0 JavaThread "Signal Dispatcher"          daemon [_thread_blocked, id=24452, stack(0x0000002b2d100000,0x0000002b2d200000) (1024K)]
  0x0000020921593f90 JavaThread "Attach Listener"            daemon [_thread_blocked, id=28088, stack(0x0000002b2d200000,0x0000002b2d300000) (1024K)]
  0x0000020921595190 JavaThread "Service Thread"             daemon [_thread_blocked, id=12772, stack(0x0000002b2d300000,0x0000002b2d400000) (1024K)]
  0x000002092159b3d0 JavaThread "Monitor Deflation Thread"   daemon [_thread_blocked, id=14092, stack(0x0000002b2d400000,0x0000002b2d500000) (1024K)]
  0x00000209215cbc00 JavaThread "C2 CompilerThread0"         daemon [_thread_blocked, id=5908, stack(0x0000002b2d500000,0x0000002b2d600000) (1024K)]
  0x00000209215ccc60 JavaThread "C1 CompilerThread0"         daemon [_thread_blocked, id=26584, stack(0x0000002b2d600000,0x0000002b2d700000) (1024K)]
  0x000002096820af30 JavaThread "Common-Cleaner"             daemon [_thread_blocked, id=21340, stack(0x0000002b2d800000,0x0000002b2d900000) (1024K)]
  0x000002096833c8e0 JavaThread "Notification Thread"        daemon [_thread_blocked, id=17024, stack(0x0000002b2d700000,0x0000002b2d800000) (1024K)]
  0x0000020968be4330 JavaThread "Active Thread: Equinox Container: 079f63be-81d9-4e4c-adf9-006dc9751def"        [_thread_blocked, id=9176, stack(0x0000002b2d900000,0x0000002b2da00000) (1024K)]
Total: 12

Other Threads:
  0x0000020921581460 VMThread "VM Thread"                           [id=10356, stack(0x0000002b2cd00000,0x0000002b2ce00000) (1024K)]
  0x000002090ab8ce50 WatcherThread "VM Periodic Task Thread"        [id=30180, stack(0x0000002b2cc00000,0x0000002b2cd00000) (1024K)]
  0x000002090ab3f7c0 WorkerThread "GC Thread#0"                     [id=17832, stack(0x0000002b2cb00000,0x0000002b2cc00000) (1024K)]
  0x0000020968976f40 WorkerThread "GC Thread#1"                     [id=11604, stack(0x0000002b2da00000,0x0000002b2db00000) (1024K)]
  0x00000209689772f0 WorkerThread "GC Thread#2"                     [id=17328, stack(0x0000002b2db00000,0x0000002b2dc00000) (1024K)]
  0x00000209685cff30 WorkerThread "GC Thread#3"                     [id=17032, stack(0x0000002b2dc00000,0x0000002b2dd00000) (1024K)]
  0x00000209685d02e0 WorkerThread "GC Thread#4"                     [id=21976, stack(0x0000002b2dd00000,0x0000002b2de00000) (1024K)]
  0x0000020968966030 WorkerThread "GC Thread#5"                     [id=27248, stack(0x0000002b2de00000,0x0000002b2df00000) (1024K)]
  0x0000020968966bf0 WorkerThread "GC Thread#6"                     [id=26016, stack(0x0000002b2df00000,0x0000002b2e000000) (1024K)]
Total: 9

Threads with active compile tasks:
Total: 0

VM state: not at safepoint (normal execution)

VM Mutex/Monitor currently owned by a thread:  ([mutex/lock_event])
[0x00007ffcee27c4e0] Metaspace_lock - owner thread: 0x000002090ab22cd0

Heap address: 0x0000000080000000, size: 2048 MB, Compressed Oops mode: 32-bit

CDS archive(s) mapped at: [0x0000020922000000-0x0000020922ba0000-0x0000020922ba0000), size 12189696, SharedBaseAddress: 0x0000020922000000, ArchiveRelocationMode: 1.
Compressed class space mapped at: 0x0000020923000000-0x0000020963000000, reserved size: 1073741824
Narrow klass base: 0x0000020922000000, Narrow klass shift: 0, Narrow klass range: 0x100000000

GC Precious Log:
 CardTable entry size: 512
 CPUs: 8 total, 8 available
 Memory: 8067M
 Large Page Support: Disabled
 NUMA Support: Disabled
 Compressed Oops: Enabled (32-bit)
 Alignments: Space 512K, Generation 512K, Heap 2M
 Heap Min Capacity: 100M
 Heap Initial Capacity: 100M
 Heap Max Capacity: 2G
 Pre-touch: Disabled
 Parallel Workers: 8

Heap:
 PSYoungGen      total 29696K, used 22969K [0x00000000d5580000, 0x00000000d7680000, 0x0000000100000000)
  eden space 25600K, 76% used [0x00000000d5580000,0x00000000d68b48f8,0x00000000d6e80000)
  from space 4096K, 80% used [0x00000000d6e80000,0x00000000d71b9e98,0x00000000d7280000)
  to   space 4096K, 0% used [0x00000000d7280000,0x00000000d7280000,0x00000000d7680000)
 ParOldGen       total 68608K, used 8K [0x0000000080000000, 0x0000000084300000, 0x00000000d5580000)
  object space 68608K, 0% used [0x0000000080000000,0x0000000080002000,0x0000000084300000)
 Metaspace       used 7506K, committed 7744K, reserved 1114112K
  class space    used 780K, committed 896K, reserved 1048576K

Card table byte_map: [0x000002090a500000,0x000002090a910000] _byte_map_base: 0x000002090a100000

Marking Bits: (ParMarkBitMap*) 0x00007ffcee283450
 Begin Bits: [0x000002091cfe0000, 0x000002091efe0000)
 End Bits:   [0x000002091efe0000, 0x0000020920fe0000)

Polling page: 0x000002090a2f0000

Metaspace:

Usage:
  Non-class:      6.57 MB used.
      Class:    780.89 KB used.
       Both:      7.33 MB used.

Virtual space:
  Non-class space:       64.00 MB reserved,       6.69 MB ( 10%) committed,  1 nodes.
      Class space:        1.00 GB reserved,     896.00 KB ( <1%) committed,  1 nodes.
             Both:        1.06 GB reserved,       7.56 MB ( <1%) committed. 

Chunk freelists:
   Non-Class:  9.12 MB
       Class:  14.95 MB
        Both:  24.07 MB

MaxMetaspaceSize: unlimited
CompressedClassSpaceSize: 1.00 GB
Initial GC threshold: 21.00 MB
Current GC threshold: 21.00 MB
CDS: on
 - commit_granule_bytes: 65536.
 - commit_granule_words: 8192.
 - virtual_space_node_default_size: 8388608.
 - enlarge_chunks_in_place: 1.
 - use_allocation_guard: 0.


Internal statistics:

num_allocs_failed_limit: 0.
num_arena_births: 226.
num_arena_deaths: 0.
num_vsnodes_births: 2.
num_vsnodes_deaths: 0.
num_space_committed: 121.
num_space_uncommitted: 0.
num_chunks_returned_to_freelist: 0.
num_chunks_taken_from_freelist: 398.
num_chunk_merges: 0.
num_chunk_splits: 257.
num_chunks_enlarged: 167.
num_inconsistent_stats: 0.

CodeHeap 'non-profiled nmethods': size=120000Kb used=719Kb max_used=719Kb free=119280Kb
 bounds [0x0000020915800000, 0x0000020915a70000, 0x000002091cd30000]
CodeHeap 'profiled nmethods': size=120000Kb used=2887Kb max_used=2887Kb free=117112Kb
 bounds [0x000002090dd30000, 0x000002090e010000, 0x0000020915260000]
CodeHeap 'non-nmethods': size=5760Kb used=1211Kb max_used=1246Kb free=4548Kb
 bounds [0x0000020915260000, 0x00000209154d0000, 0x0000020915800000]
CodeCache: size=245760Kb, used=4817Kb, max_used=4852Kb, free=240940Kb
 total_blobs=2112, nmethods=1635, adapters=384, full_count=0
Compilation: enabled, stopped_count=0, restarted_count=0

Compilation events (20 events):
Event: 5.367 Thread 0x00000209215ccc60 nmethod 1622 0x000002090dffc290 code [0x000002090dffc460, 0x000002090dffc718]
Event: 5.367 Thread 0x00000209215ccc60 1623       3       jdk.internal.org.objectweb.asm.Frame::accept (264 bytes)
Event: 5.370 Thread 0x00000209215cbc00 1628       4       jdk.internal.org.objectweb.asm.SymbolTable::addConstantUtf8 (98 bytes)
Event: 5.371 Thread 0x00000209215ccc60 nmethod 1623 0x000002090dffc810 code [0x000002090dffca40, 0x000002090dffd2e0]
Event: 5.371 Thread 0x00000209215ccc60 1627       3       jdk.internal.org.objectweb.asm.Handler::getExceptionTableLength (21 bytes)
Event: 5.371 Thread 0x00000209215ccc60 nmethod 1627 0x000002090dffd690 code [0x000002090dffd840, 0x000002090dffd9d8]
Event: 5.371 Thread 0x00000209215ccc60 1625       3       jdk.internal.org.objectweb.asm.MethodWriter::visitEnd (1 bytes)
Event: 5.371 Thread 0x00000209215ccc60 nmethod 1625 0x000002090dffdb10 code [0x000002090dffdca0, 0x000002090dffdda8]
Event: 5.371 Thread 0x00000209215ccc60 1626       3       jdk.internal.org.objectweb.asm.MethodWriter::computeMethodInfoSize (571 bytes)
Event: 5.374 Thread 0x00000209215ccc60 nmethod 1626 0x000002090dffde10 code [0x000002090dffe140, 0x000002090dffef88]
Event: 5.374 Thread 0x00000209215ccc60 1624       3       jdk.internal.org.objectweb.asm.MethodWriter::visitFrameStart (55 bytes)
Event: 5.374 Thread 0x00000209215ccc60 nmethod 1624 0x000002090dfff610 code [0x000002090dfff7c0, 0x000002090dfffa70]
Event: 5.399 Thread 0x00000209215ccc60 1634       3       java.util.Base64$Decoder::decode0 (419 bytes)
Event: 5.403 Thread 0x00000209215ccc60 nmethod 1634 0x000002090dfffc10 code [0x000002090dffffa0, 0x000002090e0015c0]
Event: 5.413 Thread 0x00000209215cbc00 nmethod 1628 0x00000209158b0c90 code [0x00000209158b0ec0, 0x00000209158b19c0]
Event: 5.413 Thread 0x00000209215cbc00 1632       4       jdk.internal.org.objectweb.asm.Symbol::<init> (38 bytes)
Event: 5.415 Thread 0x00000209215cbc00 nmethod 1632 0x00000209158b2110 code [0x00000209158b22a0, 0x00000209158b2360]
Event: 5.415 Thread 0x00000209215cbc00 1633       4       jdk.internal.org.objectweb.asm.SymbolTable::put (150 bytes)
Event: 5.419 Thread 0x00000209215cbc00 nmethod 1633 0x00000209158b2410 code [0x00000209158b25a0, 0x00000209158b2730]
Event: 5.446 Thread 0x00000209215cbc00 1635       4       java.util.HashMap::put (13 bytes)

GC Heap History (2 events):
Event: 3.372 GC heap before
{Heap before GC invocations=1 (full 0):
 PSYoungGen      total 29696K, used 25600K [0x00000000d5580000, 0x00000000d7680000, 0x0000000100000000)
  eden space 25600K, 100% used [0x00000000d5580000,0x00000000d6e80000,0x00000000d6e80000)
  from space 4096K, 0% used [0x00000000d7280000,0x00000000d7280000,0x00000000d7680000)
  to   space 4096K, 0% used [0x00000000d6e80000,0x00000000d6e80000,0x00000000d7280000)
 ParOldGen       total 68608K, used 0K [0x0000000080000000, 0x0000000084300000, 0x00000000d5580000)
  object space 68608K, 0% used [0x0000000080000000,0x0000000080000000,0x0000000084300000)
 Metaspace       used 4379K, committed 4608K, reserved 1114112K
  class space    used 474K, committed 576K, reserved 1048576K
}
Event: 3.397 GC heap after
{Heap after GC invocations=1 (full 0):
 PSYoungGen      total 29696K, used 3303K [0x00000000d5580000, 0x00000000d7680000, 0x0000000100000000)
  eden space 25600K, 0% used [0x00000000d5580000,0x00000000d5580000,0x00000000d6e80000)
  from space 4096K, 80% used [0x00000000d6e80000,0x00000000d71b9e98,0x00000000d7280000)
  to   space 4096K, 0% used [0x00000000d7280000,0x00000000d7280000,0x00000000d7680000)
 ParOldGen       total 68608K, used 8K [0x0000000080000000, 0x0000000084300000, 0x00000000d5580000)
  object space 68608K, 0% used [0x0000000080000000,0x0000000080002000,0x0000000084300000)
 Metaspace       used 4379K, committed 4608K, reserved 1114112K
  class space    used 474K, committed 576K, reserved 1048576K
}

Dll operation events (8 events):
Event: 0.140 Loaded shared library c:\Users\sonaw\.antigravity\extensions\redhat.java-1.53.0-win32-x64\jre\21.0.10-win32-x86_64\bin\java.dll
Event: 0.415 Loaded shared library c:\Users\sonaw\.antigravity\extensions\redhat.java-1.53.0-win32-x64\jre\21.0.10-win32-x86_64\bin\zip.dll
Event: 0.469 Loaded shared library C:\Users\sonaw\.antigravity\extensions\redhat.java-1.53.0-win32-x64\jre\21.0.10-win32-x86_64\bin\instrument.dll
Event: 0.482 Loaded shared library C:\Users\sonaw\.antigravity\extensions\redhat.java-1.53.0-win32-x64\jre\21.0.10-win32-x86_64\bin\net.dll
Event: 0.486 Loaded shared library C:\Users\sonaw\.antigravity\extensions\redhat.java-1.53.0-win32-x64\jre\21.0.10-win32-x86_64\bin\nio.dll
Event: 0.495 Loaded shared library C:\Users\sonaw\.antigravity\extensions\redhat.java-1.53.0-win32-x64\jre\21.0.10-win32-x86_64\bin\zip.dll
Event: 0.547 Loaded shared library C:\Users\sonaw\.antigravity\extensions\redhat.java-1.53.0-win32-x64\jre\21.0.10-win32-x86_64\bin\jimage.dll
Event: 0.934 Loaded shared library c:\Users\sonaw\.antigravity\extensions\redhat.java-1.53.0-win32-x64\jre\21.0.10-win32-x86_64\bin\verify.dll

Deoptimization events (20 events):
Event: 4.996 Thread 0x000002090ab22cd0 Uncommon trap: trap_request=0xffffff45 fr.pc=0x0000020915896cd0 relative=0x00000000000000b0
Event: 4.997 Thread 0x000002090ab22cd0 Uncommon trap: reason=unstable_if action=reinterpret pc=0x0000020915896cd0 method=java.util.concurrent.locks.ReentrantLock$NonfairSync.initialTryLock()Z @ 10 c2
Event: 4.997 Thread 0x000002090ab22cd0 DEOPT PACKING pc=0x0000020915896cd0 sp=0x0000002b2cafe7d0
Event: 4.997 Thread 0x000002090ab22cd0 DEOPT UNPACKING pc=0x00000209152b3aa2 sp=0x0000002b2cafe760 mode 2
Event: 4.998 Thread 0x000002090ab22cd0 Uncommon trap: trap_request=0xffffff45 fr.pc=0x0000020915896934 relative=0x0000000000000094
Event: 4.998 Thread 0x000002090ab22cd0 Uncommon trap: reason=unstable_if action=reinterpret pc=0x0000020915896934 method=java.util.concurrent.locks.ReentrantLock$Sync.tryRelease(I)Z @ 26 c2
Event: 4.998 Thread 0x000002090ab22cd0 DEOPT PACKING pc=0x0000020915896934 sp=0x0000002b2cafe8a0
Event: 4.998 Thread 0x000002090ab22cd0 DEOPT UNPACKING pc=0x00000209152b3aa2 sp=0x0000002b2cafe820 mode 2
Event: 5.319 Thread 0x000002090ab22cd0 Uncommon trap: trap_request=0xffffffde fr.pc=0x000002091589b8fc relative=0x00000000000009fc
Event: 5.319 Thread 0x000002090ab22cd0 Uncommon trap: reason=class_check action=maybe_recompile pc=0x000002091589b8fc method=java.util.HashMap.putVal(ILjava/lang/Object;Ljava/lang/Object;ZZ)Ljava/lang/Object; @ 253 c2
Event: 5.319 Thread 0x000002090ab22cd0 DEOPT PACKING pc=0x000002091589b8fc sp=0x0000002b2cafe1d0
Event: 5.319 Thread 0x000002090ab22cd0 DEOPT UNPACKING pc=0x00000209152b3aa2 sp=0x0000002b2cafe0f8 mode 2
Event: 5.322 Thread 0x000002090ab22cd0 Uncommon trap: trap_request=0xffffffde fr.pc=0x000002091589b8fc relative=0x00000000000009fc
Event: 5.322 Thread 0x000002090ab22cd0 Uncommon trap: reason=class_check action=maybe_recompile pc=0x000002091589b8fc method=java.util.HashMap.putVal(ILjava/lang/Object;Ljava/lang/Object;ZZ)Ljava/lang/Object; @ 253 c2
Event: 5.322 Thread 0x000002090ab22cd0 DEOPT PACKING pc=0x000002091589b8fc sp=0x0000002b2cafe1d0
Event: 5.322 Thread 0x000002090ab22cd0 DEOPT UNPACKING pc=0x00000209152b3aa2 sp=0x0000002b2cafe0f8 mode 2
Event: 5.325 Thread 0x000002090ab22cd0 Uncommon trap: trap_request=0xffffffde fr.pc=0x0000020915858538 relative=0x0000000000000958
Event: 5.325 Thread 0x000002090ab22cd0 Uncommon trap: reason=class_check action=maybe_recompile pc=0x0000020915858538 method=java.util.HashMap.putVal(ILjava/lang/Object;Ljava/lang/Object;ZZ)Ljava/lang/Object; @ 253 c2
Event: 5.325 Thread 0x000002090ab22cd0 DEOPT PACKING pc=0x0000020915858538 sp=0x0000002b2cafe030
Event: 5.325 Thread 0x000002090ab22cd0 DEOPT UNPACKING pc=0x00000209152b3aa2 sp=0x0000002b2cafdff0 mode 2

Classes loaded (20 events):
Event: 5.180 Loading class java/util/concurrent/ThreadPoolExecutor$Worker
Event: 5.180 Loading class java/util/concurrent/ThreadPoolExecutor$Worker done
Event: 5.256 Loading class java/util/ArrayList$ListItr
Event: 5.256 Loading class java/util/ArrayList$ListItr done
Event: 5.265 Loading class java/net/ContentHandlerFactory
Event: 5.265 Loading class java/net/ContentHandlerFactory done
Event: 5.322 Loading class java/util/ConcurrentModificationException
Event: 5.322 Loading class java/util/ConcurrentModificationException done
Event: 5.356 Loading class java/util/LinkedList
Event: 5.357 Loading class java/util/AbstractSequentialList
Event: 5.357 Loading class java/util/AbstractSequentialList done
Event: 5.357 Loading class java/util/LinkedList done
Event: 5.396 Loading class java/net/ContentHandler
Event: 5.397 Loading class java/net/ContentHandler done
Event: 5.410 Loading class java/net/UrlDeserializedState
Event: 5.411 Loading class java/net/UrlDeserializedState done
Event: 5.412 Loading class java/lang/reflect/InaccessibleObjectException
Event: 5.412 Loading class java/lang/reflect/InaccessibleObjectException done
Event: 5.443 Loading class java/lang/StackWalker$Option
Event: 5.444 Loading class java/lang/StackWalker$Option done

Classes unloaded (0 events):
No events

Classes redefined (0 events):
No events

Internal exceptions (20 events):
Event: 2.710 Thread 0x000002090ab22cd0 Exception <a 'java/lang/NoSuchMethodError'{0x00000000d6543ce8}: 'java.lang.Object java.lang.invoke.Invokers$Holder.invokeExact_MT(java.lang.Object, java.lang.Object, java.lang.Object, java.lang.Object, java.lang.Object, java.lang.Object)'> (0x00000000d6543ce8) 
thrown [s\src\hotspot\share\interpreter\linkResolver.cpp, line 773]
Event: 2.715 Thread 0x000002090ab22cd0 Exception <a 'java/lang/NoSuchMethodError'{0x00000000d655adc0}: 'int java.lang.invoke.DirectMethodHandle$Holder.invokeStatic(java.lang.Object, java.lang.Object, java.lang.Object, java.lang.Object, java.lang.Object)'> (0x00000000d655adc0) 
thrown [s\src\hotspot\share\interpreter\linkResolver.cpp, line 773]
Event: 2.802 Thread 0x000002090ab22cd0 Exception <a 'java/lang/NoSuchMethodError'{0x00000000d65ee618}: 'java.lang.Object java.lang.invoke.DirectMethodHandle$Holder.invokeInterface(java.lang.Object, java.lang.Object, int)'> (0x00000000d65ee618) 
thrown [s\src\hotspot\share\interpreter\linkResolver.cpp, line 773]
Event: 3.152 Thread 0x000002090ab22cd0 Exception <a 'java/lang/NoSuchMethodError'{0x00000000d6a561c0}: 'java.lang.ClassLoader java.lang.ClassLoader.getPlatformClassLoader(java.lang.Class)'> (0x00000000d6a561c0) 
thrown [s\src\hotspot\share\interpreter\linkResolver.cpp, line 773]
Event: 3.365 Thread 0x000002090ab22cd0 Exception <a 'java/lang/ClassNotFoundException'{0x00000000d6e730a8}: sun/net/www/protocol/c/Handler> (0x00000000d6e730a8) 
thrown [s\src\hotspot\share\classfile\systemDictionary.cpp, line 312]
Event: 3.366 Thread 0x000002090ab22cd0 Exception <a 'java/lang/ClassNotFoundException'{0x00000000d6e74400}: sun/net/www/protocol/d/Handler> (0x00000000d6e74400) 
thrown [s\src\hotspot\share\classfile\systemDictionary.cpp, line 312]
Event: 3.366 Thread 0x000002090ab22cd0 Exception <a 'java/lang/ClassNotFoundException'{0x00000000d6e75578}: sun/net/www/protocol/c/Handler> (0x00000000d6e75578) 
thrown [s\src\hotspot\share\classfile\systemDictionary.cpp, line 312]
Event: 3.413 Thread 0x000002090ab22cd0 Exception <a 'java/io/FileNotFoundException'{0x00000000d559e510}> (0x00000000d559e510) 
thrown [s\src\hotspot\share\prims\jni.cpp, line 520]
Event: 3.574 Thread 0x000002090ab22cd0 Implicit null exception at 0x00000209158641c9 to 0x0000020915864b8c
Event: 3.574 Thread 0x000002090ab22cd0 Implicit null exception at 0x0000020915873b9a to 0x0000020915873dbc
Event: 3.577 Thread 0x000002090ab22cd0 Exception <a 'java/lang/NoSuchMethodError'{0x00000000d56ce4f0}: 'void java.lang.invoke.DirectMethodHandle$Holder.invokeStatic(java.lang.Object, java.lang.Object, java.lang.Object, java.lang.Object)'> (0x00000000d56ce4f0) 
thrown [s\src\hotspot\share\interpreter\linkResolver.cpp, line 773]
Event: 3.580 Thread 0x000002090ab22cd0 Implicit null exception at 0x000002091587429a to 0x00000209158744bc
Event: 3.580 Thread 0x000002090ab22cd0 Implicit null exception at 0x0000020915868e40 to 0x0000020915868ec5
Event: 3.932 Thread 0x000002090ab22cd0 Exception <a 'java/lang/NoSuchMethodError'{0x00000000d5991f80}: 'void java.lang.invoke.DirectMethodHandle$Holder.invokeSpecial(java.lang.Object, java.lang.Object, java.lang.Object)'> (0x00000000d5991f80) 
thrown [s\src\hotspot\share\interpreter\linkResolver.cpp, line 773]
Event: 4.755 Thread 0x000002090ab22cd0 Exception <a 'java/lang/NoSuchMethodError'{0x00000000d62aa490}: 'int java.lang.invoke.DirectMethodHandle$Holder.invokeVirtual(java.lang.Object, java.lang.Object)'> (0x00000000d62aa490) 
thrown [s\src\hotspot\share\interpreter\linkResolver.cpp, line 773]
Event: 5.081 Thread 0x000002090ab22cd0 Exception <a 'java/lang/NoSuchMethodError'{0x00000000d641e190}: 'int java.lang.invoke.DirectMethodHandle$Holder.invokeStaticInit(java.lang.Object, java.lang.Object, java.lang.Object, java.lang.Object)'> (0x00000000d641e190) 
thrown [s\src\hotspot\share\interpreter\linkResolver.cpp, line 773]
Event: 5.084 Thread 0x000002090ab22cd0 Exception <a 'java/lang/IncompatibleClassChangeError'{0x00000000d6426598}: Found class java.lang.Object, but interface was expected> (0x00000000d6426598) 
thrown [s\src\hotspot\share\interpreter\linkResolver.cpp, line 840]
Event: 5.086 Thread 0x000002090ab22cd0 Exception <a 'java/lang/NoSuchMethodError'{0x00000000d642cb68}: 'void java.lang.invoke.DirectMethodHandle$Holder.invokeStaticInit(java.lang.Object, java.lang.Object)'> (0x00000000d642cb68) 
thrown [s\src\hotspot\share\interpreter\linkResolver.cpp, line 773]
Event: 5.104 Thread 0x000002090ab22cd0 Exception <a 'java/lang/NoSuchMethodError'{0x00000000d6435d40}: 'int java.lang.invoke.DirectMethodHandle$Holder.invokeStaticInit(java.lang.Object, java.lang.Object)'> (0x00000000d6435d40) 
thrown [s\src\hotspot\share\interpreter\linkResolver.cpp, line 773]
Event: 5.296 Thread 0x000002090ab22cd0 Exception <a 'java/lang/NoSuchMethodError'{0x00000000d667f6a0}: 'java.lang.Object java.lang.invoke.DirectMethodHandle$Holder.newInvokeSpecial(java.lang.Object, int, java.lang.Object)'> (0x00000000d667f6a0) 
thrown [s\src\hotspot\share\interpreter\linkResolver.cpp, line 773]

ZGC Phase Switch (0 events):
No events

VM Operations (20 events):
Event: 2.562 Executing non-safepoint VM operation: HandshakeAllThreads (Deoptimize)
Event: 2.563 Executing non-safepoint VM operation: HandshakeAllThreads (Deoptimize) done
Event: 3.312 Executing non-safepoint VM operation: HandshakeAllThreads (Deoptimize)
Event: 3.312 Executing non-safepoint VM operation: HandshakeAllThreads (Deoptimize) done
Event: 3.312 Executing safepoint VM operation: Cleanup
Event: 3.313 Executing safepoint VM operation: Cleanup done
Event: 3.372 Executing safepoint VM operation: ParallelGCFailedAllocation (Allocation Failure)
Event: 3.397 Executing safepoint VM operation: ParallelGCFailedAllocation (Allocation Failure) done
Event: 4.400 Executing safepoint VM operation: Cleanup
Event: 4.401 Executing safepoint VM operation: Cleanup done
Event: 5.214 Executing non-safepoint VM operation: HandshakeAllThreads (Deoptimize)
Event: 5.214 Executing non-safepoint VM operation: HandshakeAllThreads (Deoptimize) done
Event: 5.257 Executing non-safepoint VM operation: HandshakeAllThreads (Deoptimize)
Event: 5.257 Executing non-safepoint VM operation: HandshakeAllThreads (Deoptimize) done
Event: 5.359 Executing non-safepoint VM operation: HandshakeAllThreads (Deoptimize)
Event: 5.359 Executing non-safepoint VM operation: HandshakeAllThreads (Deoptimize) done
Event: 5.414 Executing non-safepoint VM operation: HandshakeAllThreads (Deoptimize)
Event: 5.414 Executing non-safepoint VM operation: HandshakeAllThreads (Deoptimize) done
Event: 5.414 Executing safepoint VM operation: Cleanup
Event: 5.414 Executing safepoint VM operation: Cleanup done

Memory protections (0 events):
No events

Nmethod flushes (0 events):
No events

Events (20 events):
Event: 0.348 Thread 0x000002090ab22cd0 Thread added: 0x000002092158d9f0
Event: 0.349 Thread 0x000002090ab22cd0 Thread added: 0x00000209215912d0
Event: 0.349 Thread 0x000002090ab22cd0 Thread added: 0x0000020921593f90
Event: 0.349 Thread 0x000002090ab22cd0 Thread added: 0x0000020921595190
Event: 0.350 Thread 0x000002090ab22cd0 Thread added: 0x000002092159b3d0
Event: 0.350 Thread 0x000002090ab22cd0 Thread added: 0x00000209215cbc00
Event: 0.350 Thread 0x000002090ab22cd0 Thread added: 0x00000209215ccc60
Event: 0.431 Thread 0x00000209215ccc60 Thread added: 0x00000209681a7e90
Event: 0.475 Thread 0x000002090ab22cd0 Thread added: 0x000002096820af30
Event: 0.809 Thread 0x00000209681a7e90 Thread exited: 0x00000209681a7e90
Event: 1.133 Thread 0x000002090ab22cd0 Thread added: 0x000002096833c8e0
Event: 1.157 Thread 0x00000209215cbc00 Thread added: 0x0000020968344f10
Event: 1.397 Thread 0x0000020968344f10 Thread exited: 0x0000020968344f10
Event: 1.595 Thread 0x00000209215ccc60 Thread added: 0x000002096838fa70
Event: 2.099 Thread 0x000002096838fa70 Thread exited: 0x000002096838fa70
Event: 2.438 Thread 0x00000209215ccc60 Thread added: 0x000002096836d6c0
Event: 2.843 Thread 0x000002096836d6c0 Thread exited: 0x000002096836d6c0
Event: 3.096 Thread 0x00000209215ccc60 Thread added: 0x00000209685cf070
Event: 3.413 Thread 0x00000209685cf070 Thread exited: 0x00000209685cf070
Event: 5.181 Thread 0x000002090ab22cd0 Thread added: 0x0000020968be4330


Dynamic libraries:
0x00007ff685030000 - 0x00007ff68503e000 	c:\Users\sonaw\.antigravity\extensions\redhat.java-1.53.0-win32-x64\jre\21.0.10-win32-x86_64\bin\java.exe
0x00007ffd758f0000 - 0x00007ffd75ae8000 	C:\Windows\SYSTEM32\ntdll.dll
0x00007ffd75740000 - 0x00007ffd75802000 	C:\Windows\System32\KERNEL32.DLL
0x00007ffd73370000 - 0x00007ffd73666000 	C:\Windows\System32\KERNELBASE.dll
0x00007ffd73270000 - 0x00007ffd73370000 	C:\Windows\System32\ucrtbase.dll
0x00007ffd68790000 - 0x00007ffd687a8000 	c:\Users\sonaw\.antigravity\extensions\redhat.java-1.53.0-win32-x64\jre\21.0.10-win32-x86_64\bin\jli.dll
0x00007ffd754b0000 - 0x00007ffd75651000 	C:\Windows\System32\USER32.dll
0x00007ffd72f80000 - 0x00007ffd72fa2000 	C:\Windows\System32\win32u.dll
0x00007ffd73a80000 - 0x00007ffd73aab000 	C:\Windows\System32\GDI32.dll
0x00007ffd73670000 - 0x00007ffd73789000 	C:\Windows\System32\gdi32full.dll
0x00007ffd731d0000 - 0x00007ffd7326d000 	C:\Windows\System32\msvcp_win.dll
0x00007ffd684b0000 - 0x00007ffd684ce000 	c:\Users\sonaw\.antigravity\extensions\redhat.java-1.53.0-win32-x64\jre\21.0.10-win32-x86_64\bin\VCRUNTIME140.dll
0x00007ffd5d170000 - 0x00007ffd5d40b000 	C:\Windows\WinSxS\amd64_microsoft.windows.common-controls_6595b64144ccf1df_6.0.19041.6456_none_60b8a6cb71f64256\COMCTL32.dll
0x00007ffd73ff0000 - 0x00007ffd7408e000 	C:\Windows\System32\msvcrt.dll
0x00007ffd73bd0000 - 0x00007ffd73bff000 	C:\Windows\System32\IMM32.DLL
0x00007ffd6fee0000 - 0x00007ffd6feec000 	c:\Users\sonaw\.antigravity\extensions\redhat.java-1.53.0-win32-x64\jre\21.0.10-win32-x86_64\bin\vcruntime140_1.dll
0x00007ffd41ad0000 - 0x00007ffd41b5d000 	c:\Users\sonaw\.antigravity\extensions\redhat.java-1.53.0-win32-x64\jre\21.0.10-win32-x86_64\bin\msvcp140.dll
0x00007ffced5c0000 - 0x00007ffcee361000 	c:\Users\sonaw\.antigravity\extensions\redhat.java-1.53.0-win32-x64\jre\21.0.10-win32-x86_64\bin\server\jvm.dll
0x00007ffd74f70000 - 0x00007ffd75021000 	C:\Windows\System32\ADVAPI32.dll
0x00007ffd75810000 - 0x00007ffd758af000 	C:\Windows\System32\sechost.dll
0x00007ffd73d50000 - 0x00007ffd73e70000 	C:\Windows\System32\RPCRT4.dll
0x00007ffd72fb0000 - 0x00007ffd72fd7000 	C:\Windows\System32\bcrypt.dll
0x00007ffd750e0000 - 0x00007ffd7514b000 	C:\Windows\System32\WS2_32.dll
0x00007ffd72de0000 - 0x00007ffd72e2b000 	C:\Windows\SYSTEM32\POWRPROF.dll
0x00007ffd5d890000 - 0x00007ffd5d8b7000 	C:\Windows\SYSTEM32\WINMM.dll
0x00007ffd6ee70000 - 0x00007ffd6ee7a000 	C:\Windows\SYSTEM32\VERSION.dll
0x00007ffd72dc0000 - 0x00007ffd72dd2000 	C:\Windows\SYSTEM32\UMPDC.dll
0x00007ffd717c0000 - 0x00007ffd717d2000 	C:\Windows\SYSTEM32\kernel.appcore.dll
0x00007ffd6bf70000 - 0x00007ffd6bf7a000 	c:\Users\sonaw\.antigravity\extensions\redhat.java-1.53.0-win32-x64\jre\21.0.10-win32-x86_64\bin\jimage.dll
0x00007ffd71560000 - 0x00007ffd71761000 	C:\Windows\SYSTEM32\DBGHELP.DLL
0x00007ffd5afa0000 - 0x00007ffd5afd4000 	C:\Windows\SYSTEM32\dbgcore.DLL
0x00007ffd73140000 - 0x00007ffd731c2000 	C:\Windows\System32\bcryptPrimitives.dll
0x00007ffd69e50000 - 0x00007ffd69e5f000 	c:\Users\sonaw\.antigravity\extensions\redhat.java-1.53.0-win32-x64\jre\21.0.10-win32-x86_64\bin\instrument.dll
0x00007ffd68b60000 - 0x00007ffd68b80000 	c:\Users\sonaw\.antigravity\extensions\redhat.java-1.53.0-win32-x64\jre\21.0.10-win32-x86_64\bin\java.dll
0x00007ffd740f0000 - 0x00007ffd74860000 	C:\Windows\System32\SHELL32.dll
0x00007ffd70da0000 - 0x00007ffd71545000 	C:\Windows\SYSTEM32\windows.storage.dll
0x00007ffd75150000 - 0x00007ffd754a4000 	C:\Windows\System32\combase.dll
0x00007ffd728d0000 - 0x00007ffd728fb000 	C:\Windows\SYSTEM32\Wldp.dll
0x00007ffd75660000 - 0x00007ffd7572d000 	C:\Windows\System32\OLEAUT32.dll
0x00007ffd75030000 - 0x00007ffd750dd000 	C:\Windows\System32\SHCORE.dll
0x00007ffd74090000 - 0x00007ffd740eb000 	C:\Windows\System32\shlwapi.dll
0x00007ffd72eb0000 - 0x00007ffd72ed4000 	C:\Windows\SYSTEM32\profapi.dll
0x00007ffd682d0000 - 0x00007ffd682e8000 	c:\Users\sonaw\.antigravity\extensions\redhat.java-1.53.0-win32-x64\jre\21.0.10-win32-x86_64\bin\zip.dll
0x00007ffd68dc0000 - 0x00007ffd68dd0000 	C:\Users\sonaw\.antigravity\extensions\redhat.java-1.53.0-win32-x64\jre\21.0.10-win32-x86_64\bin\net.dll
0x00007ffd6b2f0000 - 0x00007ffd6b3fa000 	C:\Windows\SYSTEM32\WINHTTP.dll
0x00007ffd72630000 - 0x00007ffd7269a000 	C:\Windows\system32\mswsock.dll
0x00007ffd603a0000 - 0x00007ffd603b6000 	C:\Users\sonaw\.antigravity\extensions\redhat.java-1.53.0-win32-x64\jre\21.0.10-win32-x86_64\bin\nio.dll
0x00007ffd68c40000 - 0x00007ffd68c50000 	c:\Users\sonaw\.antigravity\extensions\redhat.java-1.53.0-win32-x64\jre\21.0.10-win32-x86_64\bin\verify.dll

JVMTI agents:
c:\Users\sonaw\.antigravity\extensions\redhat.java-1.53.0-win32-x64\lombok\lombok-1.18.39-4050.jar path:c:\Users\sonaw\.antigravity\extensions\redhat.java-1.53.0-win32-x64\jre\21.0.10-win32-x86_64\bin\instrument.dll, loaded, initialized, instrumentlib options:none

dbghelp: loaded successfully - version: 4.0.5 - missing functions: none
symbol engine: initialized successfully - sym options: 0x614 - pdb path: .;c:\Users\sonaw\.antigravity\extensions\redhat.java-1.53.0-win32-x64\jre\21.0.10-win32-x86_64\bin;C:\Windows\SYSTEM32;C:\Windows\WinSxS\amd64_microsoft.windows.common-controls_6595b64144ccf1df_6.0.19041.6456_none_60b8a6cb71f64256;c:\Users\sonaw\.antigravity\extensions\redhat.java-1.53.0-win32-x64\jre\21.0.10-win32-x86_64\bin\server

VM Arguments:
jvm_args: --add-modules=ALL-SYSTEM --add-opens=java.base/java.util=ALL-UNNAMED --add-opens=java.base/java.lang=ALL-UNNAMED --add-opens=java.base/sun.nio.fs=ALL-UNNAMED -Declipse.application=org.eclipse.jdt.ls.core.id1 -Dosgi.bundles.defaultStartLevel=4 -Declipse.product=org.eclipse.jdt.ls.core.product -Djava.import.generatesMetadataFilesAtProjectRoot=false -DDetectVMInstallationsJob.disabled=true -Dfile.encoding=utf8 -XX:+UseParallelGC -XX:GCTimeRatio=4 -XX:AdaptiveSizePolicyWeight=90 -Dsun.zip.disableMemoryMapping=true -Xmx2G -Xms100m -Xlog:disable -javaagent:c:\Users\sonaw\.antigravity\extensions\redhat.java-1.53.0-win32-x64\lombok\lombok-1.18.39-4050.jar 
java_command: c:\Users\sonaw\.antigravity\extensions\redhat.java-1.53.0-win32-x64\server\plugins\org.eclipse.equinox.launcher_1.7.100.v20251111-0406.jar -configuration c:\Users\sonaw\AppData\Roaming\Antigravity\User\globalStorage\redhat.java\1.53.0\config_ss_win -data c:\Users\sonaw\AppData\Roaming\Antigravity\User\workspaceStorage\04b48e0f9b0fc6b1b8dc2fa5b04af4e3\redhat.java\ss_ws --pipe=\\.\pipe\lsp-1f88ee0ef5c819300d7a7ebc482c3341-sock
java_class_path (initial): c:\Users\sonaw\.antigravity\extensions\redhat.java-1.53.0-win32-x64\server\plugins\org.eclipse.equinox.launcher_1.7.100.v20251111-0406.jar
Launcher Type: SUN_STANDARD

[Global flags]
    uintx AdaptiveSizePolicyWeight                 = 90                                        {product} {command line}
     intx CICompilerCount                          = 4                                         {product} {ergonomic}
    uintx GCTimeRatio                              = 4                                         {product} {command line}
   size_t InitialHeapSize                          = 104857600                                 {product} {command line}
   size_t MaxHeapSize                              = 2147483648                                {product} {command line}
   size_t MaxNewSize                               = 715653120                                 {product} {ergonomic}
   size_t MinHeapDeltaBytes                        = 524288                                    {product} {ergonomic}
   size_t MinHeapSize                              = 104857600                                 {product} {command line}
   size_t NewSize                                  = 34603008                                  {product} {ergonomic}
    uintx NonNMethodCodeHeapSize                   = 5839372                                {pd product} {ergonomic}
    uintx NonProfiledCodeHeapSize                  = 122909434                              {pd product} {ergonomic}
   size_t OldSize                                  = 70254592                                  {product} {ergonomic}
    uintx ProfiledCodeHeapSize                     = 122909434                              {pd product} {ergonomic}
    uintx ReservedCodeCacheSize                    = 251658240                              {pd product} {ergonomic}
     bool SegmentedCodeCache                       = true                                      {product} {ergonomic}
   size_t SoftMaxHeapSize                          = 2147483648                             {manageable} {ergonomic}
     bool UseCompressedOops                        = true                           {product lp64_product} {ergonomic}
     bool UseLargePagesIndividualAllocation        = false                                  {pd product} {ergonomic}
     bool UseParallelGC                            = true                                      {product} {command line}

Logging:
Log output configuration:
 #0: stdout all=off uptime,level,tags foldmultilines=false
 #1: stderr all=off uptime,level,tags foldmultilines=false

Release file:
JAVA_VERSION="21.0.10" 
MODULES="java.base java.compiler java.datatransfer java.xml java.prefs java.desktop java.instrument java.logging java.management java.security.sasl java.naming java.rmi java.management.rmi java.net.http java.scripting java.security.jgss java.transaction.xa java.sql java.sql.rowset java.xml.crypto java.se java.smartcardio jdk.accessibility jdk.internal.jvmstat jdk.attach jdk.charsets jdk.internal.opt jdk.zipfs jdk.compiler jdk.crypto.ec jdk.crypto.cryptoki jdk.crypto.mscapi jdk.dynalink jdk.internal.ed jdk.editpad jdk.hotspot.agent jdk.httpserver jdk.internal.le jdk.internal.vm.ci jdk.internal.vm.compiler jdk.internal.vm.compiler.management jdk.jartool jdk.javadoc jdk.jcmd jdk.management jdk.management.agent jdk.jconsole jdk.jdeps jdk.jdwp.agent jdk.jdi jdk.jfr jdk.jshell jdk.jsobject jdk.jstatd jdk.localedata jdk.management.jfr jdk.naming.dns jdk.naming.rmi jdk.net jdk.nio.mapmode jdk.random jdk.sctp jdk.security.auth jdk.security.jgss jdk.unsupported jdk.unsupported.desktop jdk.xml.dom" 

Environment Variables:
JAVA_HOME=C:\Program Files\Java\jdk-23
PATH=C:\Users\sonaw\AppData\Local\Microsoft\WindowsApps;C:\Program Files\Java\jdk-23\bin;D:\Microsoft VS Code\bin;C:\Users\sonaw\AppData\Roaming\npm;C:\Program Files\nodejs;C:\Users\sonaw\AppData\Local\Programs\mongosh\;C:\Users\sonaw\Downloads\scala3-3.5.2-x86_64-pc-win32\scala3-3.5.2-x86_64-pc-win32\bin;C:\Program Files\Git\cmd;C:\Users\sonaw\AppData\Roaming\Microsoft\Windows\Start Menu\Programs\Python 3.13;C:\Windows\System32;D:\Downloads;C:\flutter\bin;C:\Windows\System32\WindowsPowerShell\v1.0\;C:\Users\sonaw\AppData\Local\Programs\Python\Python313;D:\ffmpeg-7.1.1-essentials_build\bin;D:\flutter\bin;D:\;C:\Program Files\PostgreSQL\17\bin;C:\Program Files\Maven\apache-maven-3.9.9\bin;C:\Program Files\Microsoft SQL Server\170\Tools\Binn\;C:\Program Files\Microsoft SQL Server\150\Tools\Binn\;C:\Program Files\Microsoft SQL Server\Client SDK\ODBC\170\Tools\Binn\;C:\Program Files\dotnet\;C:\Users\sonaw\AppData\Local\Programs\Python\Python311\Scripts\;C:\Users\sonaw\AppData\Local\Programs\Python\Python311\;C:\Users\sonaw\AppData\Local\Programs\Python\Launcher\;C:\Users\sonaw\AppData\Local\Microsoft\WindowsApps;C:\Program Files\Java\jdk-23\bin;D:\Microsoft VS Code\bin;C:\Program Files\nodejs;C:\Users\sonaw\Downloads\scala3-3.5.2-x86_64-pc-win32\scala3-3.5.2-x86_64-pc-win32\bin;C:\Users\sonaw\AppData\Roaming\Microsoft\Windows\Start Menu\Programs\Python 3.13;D:\Downloads\IntelliJ IDEA Community Edition 2024.3.2\bin;;C:\Users\sonaw\AppData\Local\GitHubDesktop\bin;C:\Users\sonaw\AppData\Roaming\npm;D:\node_modules\npm\bin;C:\Users\sonaw\.dotnet\tools;D:\Antigravity\bin
USERNAME=sonaw
OS=Windows_NT
PROCESSOR_IDENTIFIER=Intel64 Family 6 Model 142 Stepping 11, GenuineIntel
TMP=C:\Users\sonaw\AppData\Local\Temp
TEMP=C:\Users\sonaw\AppData\Local\Temp




Periodic native trim disabled

---------------  S Y S T E M  ---------------

OS:
 Windows 10 , 64 bit Build 19041 (10.0.19041.5915)
OS uptime: 2 days 18:12 hours

CPU: total 8 (initial active 8) (4 cores per cpu, 2 threads per core) family 6 model 142 stepping 11 microcode 0xf6, cx8, cmov, fxsr, ht, mmx, 3dnowpref, sse, sse2, sse3, ssse3, sse4.1, sse4.2, popcnt, lzcnt, tsc, tscinvbit, avx, avx2, aes, erms, clmul, bmi1, bmi2, adx, fma, vzeroupper, clflush, clflushopt, rdtscp, f16c
Processor Information for processor 0
  Max Mhz: 1800, Current Mhz: 1600, Mhz Limit: 1584
Processor Information for processor 1
  Max Mhz: 1800, Current Mhz: 1600, Mhz Limit: 1584
Processor Information for processor 2
  Max Mhz: 1800, Current Mhz: 1600, Mhz Limit: 1584
Processor Information for processor 3
  Max Mhz: 1800, Current Mhz: 1400, Mhz Limit: 1584
Processor Information for processor 4
  Max Mhz: 1800, Current Mhz: 1600, Mhz Limit: 1584
Processor Information for processor 5
  Max Mhz: 1800, Current Mhz: 1600, Mhz Limit: 1584
Processor Information for processor 6
  Max Mhz: 1800, Current Mhz: 1600, Mhz Limit: 1584
Processor Information for processor 7
  Max Mhz: 1800, Current Mhz: 1400, Mhz Limit: 1584

Memory: 4k page, system-wide physical 8067M (318M free)
TotalPageFile size 20488M (AvailPageFile size 54M)
current process WorkingSet (physical memory assigned to process): 86M, peak: 86M
current process commit charge ("private bytes"): 239M, peak: 240M

vm_info: OpenJDK 64-Bit Server VM (21.0.10+7-LTS) for windows-amd64 JRE (21.0.10+7-LTS), built on 2026-01-20T00:00:00Z by "admin" with MS VC++ 17.12 (VS2022)

END.
